Archive member included to satisfy reference by file (symbol)

C:/ST/STM32CubeIDE_2.0.0/STM32CubeIDE/plugins/com.st.stm32cube.ide.mcu.externaltools.gnu-tools-for-stm32.13.3.rel1.win32_1.0.100.202509120712/tools/bin/../lib/gcc/arm-none-eabi/13.3.1/../../../../arm-none-eabi/lib/thumb/v7e-m+dp/hard\libc_nano.a(libc_a-exit.o)
                              C:/ST/STM32CubeIDE_2.0.0/STM32CubeIDE/plugins/com.st.stm32cube.ide.mcu.externaltools.gnu-tools-for-stm32.13.3.rel1.win32_1.0.100.202509120712/tools/bin/../lib/gcc/arm-none-eabi/13.3.1/../../../../arm-none-eabi/lib/thumb/v7e-m+dp/hard/crt0.o (exit)
C:/ST/STM32CubeIDE_2.0.0/STM32CubeIDE/plugins/com.st.stm32cube.ide.mcu.externaltools.gnu-tools-for-stm32.13.3.rel1.win32_1.0.100.202509120712/tools/bin/../lib/gcc/arm-none-eabi/13.3.1/../../../../arm-none-eabi/lib/thumb/v7e-m+dp/hard\libc_nano.a(libc_a-findfp.o)
                              C:/ST/STM32CubeIDE_2.0.0/STM32CubeIDE/plugins/com.st.stm32cube.ide.mcu.externaltools.gnu-tools-for-stm32.13.3.rel1.win32_1.0.100.202509120712/tools/bin/../lib/gcc/arm-none-eabi/13.3.1/../../../../arm-none-eabi/lib/thumb/v7e-m+dp/hard\libc_nano.a(libc_a-exit.o) (__stdio_exit_handler)
C:/ST/STM32CubeIDE_2.0.0/STM32CubeIDE/plugins/com.st.stm32cube.ide.mcu.externaltools.gnu-tools-for-stm32.13.3.rel1.win32_1.0.100.202509120712/tools/bin/../lib/gcc/arm-none-eabi/13.3.1/../../../../arm-none-eabi/lib/thumb/v7e-m+dp/hard\libc_nano.a(libc_a-fwalk.o)
                              C:/ST/STM32CubeIDE_2.0.0/STM32CubeIDE/plugins/com.st.stm32cube.ide.mcu.externaltools.gnu-tools-for-stm32.13.3.rel1.win32_1.0.100.202509120712/tools/bin/../lib/gcc/arm-none-eabi/13.3.1/../../../../arm-none-eabi/lib/thumb/v7e-m+dp/hard\libc_nano.a(libc_a-findfp.o) (_fwalk_sglue)
C:/ST/STM32CubeIDE_2.0.0/STM32CubeIDE/plugins/com.st.stm32cube.ide.mcu.externaltools.gnu-tools-for-stm32.13.3.rel1.win32_1.0.100.202509120712/tools/bin/../lib/gcc/arm-none-eabi/13.3.1/../../../../arm-none-eabi/lib/thumb/v7e-m+dp/hard\libc_nano.a(libc_a-stdio.o)
                              C:/ST/STM32CubeIDE_2.0.0/STM32CubeIDE/plugins/com.st.stm32cube.ide.mcu.externaltools.gnu-tools-for-stm32.13.3.rel1.win32_1.0.100.202509120712/tools/bin/../lib/gcc/arm-none-eabi/13.3.1/../../../../arm-none-eabi/lib/thumb/v7e-m+dp/hard\libc_nano.a(libc_a-findfp.o) (__sread)
C:/ST/STM32CubeIDE_2.0.0/STM32CubeIDE/plugins/com.st.stm32cube.ide.mcu.externaltools.gnu-tools-for-stm32.13.3.rel1.win32_1.0.100.202509120712/tools/bin/../lib/gcc/arm-none-eabi/13.3.1/../../../../arm-none-eabi/lib/thumb/v7e-m+dp/hard\libc_nano.a(libc_a-memset.o)
                              C:/ST/STM32CubeIDE_2.0.0/STM32CubeIDE/plugins/com.st.stm32cube.ide.mcu.externaltools.gnu-tools-for-stm32.13.3.rel1.win32_1.0.100.202509120712/tools/bin/../lib/gcc/arm-none-eabi/13.3.1/../../../../arm-none-eabi/lib/thumb/v7e-m+dp/hard/crt0.o (memset)
C:/ST/STM32CubeIDE_2.0.0/STM32CubeIDE/plugins/com.st.stm32cube.ide.mcu.externaltools.gnu-tools-for-stm32.13.3.rel1.win32_1.0.100.202509120712/tools/bin/../lib/gcc/arm-none-eabi/13.3.1/../../../../arm-none-eabi/lib/thumb/v7e-m+dp/hard\libc_nano.a(libc_a-strncmp.o)
                              ./Core/Src/main.o (strncmp)
C:/ST/STM32CubeIDE_2.0.0/STM32CubeIDE/plugins/com.st.stm32cube.ide.mcu.externaltools.gnu-tools-for-stm32.13.3.rel1.win32_1.0.100.202509120712/tools/bin/../lib/gcc/arm-none-eabi/13.3.1/../../../../arm-none-eabi/lib/thumb/v7e-m+dp/hard\libc_nano.a(libc_a-closer.o)
                              C:/ST/STM32CubeIDE_2.0.0/STM32CubeIDE/plugins/com.st.stm32cube.ide.mcu.externaltools.gnu-tools-for-stm32.13.3.rel1.win32_1.0.100.202509120712/tools/bin/../lib/gcc/arm-none-eabi/13.3.1/../../../../arm-none-eabi/lib/thumb/v7e-m+dp/hard\libc_nano.a(libc_a-stdio.o) (_close_r)
C:/ST/STM32CubeIDE_2.0.0/STM32CubeIDE/plugins/com.st.stm32cube.ide.mcu.externaltools.gnu-tools-for-stm32.13.3.rel1.win32_1.0.100.202509120712/tools/bin/../lib/gcc/arm-none-eabi/13.3.1/../../../../arm-none-eabi/lib/thumb/v7e-m+dp/hard\libc_nano.a(libc_a-reent.o)
                              C:/ST/STM32CubeIDE_2.0.0/STM32CubeIDE/plugins/com.st.stm32cube.ide.mcu.externaltools.gnu-tools-for-stm32.13.3.rel1.win32_1.0.100.202509120712/tools/bin/../lib/gcc/arm-none-eabi/13.3.1/../../../../arm-none-eabi/lib/thumb/v7e-m+dp/hard\libc_nano.a(libc_a-closer.o) (errno)
C:/ST/STM32CubeIDE_2.0.0/STM32CubeIDE/plugins/com.st.stm32cube.ide.mcu.externaltools.gnu-tools-for-stm32.13.3.rel1.win32_1.0.100.202509120712/tools/bin/../lib/gcc/arm-none-eabi/13.3.1/../../../../arm-none-eabi/lib/thumb/v7e-m+dp/hard\libc_nano.a(libc_a-impure.o)
                              C:/ST/STM32CubeIDE_2.0.0/STM32CubeIDE/plugins/com.st.stm32cube.ide.mcu.externaltools.gnu-tools-for-stm32.13.3.rel1.win32_1.0.100.202509120712/tools/bin/../lib/gcc/arm-none-eabi/13.3.1/../../../../arm-none-eabi/lib/thumb/v7e-m+dp/hard\libc_nano.a(libc_a-reent.o) (_impure_ptr)
[...]
Memory Configuration

Name             Origin             Length             Attributes
FLASH            0x08000000         0x00200000         xr
DTCMRAM          0x20000000         0x00020000         xrw
RAM_D1           0x24000000         0x00080000         xrw
RAM_D2           0x30000000         0x00048000         xrw
RAM_D3           0x38000000         0x00010000         xrw
ITCMRAM          0x00000000         0x00010000         xrw
*default*        0x00000000         0xffffffff

Linker script and memory map

LOAD C:/ST/STM32CubeIDE_2.0.0/STM32CubeIDE/plugins/com.st.stm32cube.ide.mcu.externaltools.gnu-tools-for-stm32.13.3.rel1.win32_1.0.100.202509120712/tools/bin/../lib/gcc/arm-none-eabi/13.3.1/thumb/v7e-m+dp/hard/crti.o
LOAD C:/ST/STM32CubeIDE_2.0.0/STM32CubeIDE/plugins/com.st.stm32cube.ide.mcu.externaltools.gnu-tools-for-stm32.13.3.rel1.win32_1.0.100.202509120712/tools/bin/../lib/gcc/arm-none-eabi/13.3.1/thumb/v7e-m+dp/hard/crtbegin.o
LOAD C:/ST/STM32CubeIDE_2.0.0/STM32CubeIDE/plugins/com.st.stm32cube.ide.mcu.externaltools.gnu-tools-for-stm32.13.3.rel1.win32_1.0.100.202509120712/tools/bin/../lib/gcc/arm-none-eabi/13.3.1/../../../../arm-none-eabi/lib/thumb/v7e-m+dp/hard/crt0.o
LOAD ./Core/Src/gpio.o
LOAD ./Core/Src/main.o
LOAD ./Core/Src/spi.o
LOAD ./Core/Src/stm32h7xx_hal_msp.o
LOAD ./Core/Src/stm32h7xx_it.o
LOAD ./Core/Src/syscalls.o
LOAD ./Core/Src/sysmem.o
LOAD ./Core/Src/system_stm32h7xx.o
LOAD ./Core/Src/tim.o
LOAD ./Core/Src/usart.o
LOAD ./Core/Startup/startup_stm32h753zitx.o
LOAD ./Drivers/BSP/STM32H7xx_Nucleo/stm32h7xx_nucleo.o
LOAD ./Drivers/STM32H7xx_HAL_Driver/Src/stm32h7xx_hal.o
LOAD ./Drivers/STM32H7xx_HAL_Driver/Src/stm32h7xx_hal_cortex.o
LOAD ./Drivers/STM32H7xx_HAL_Driver/Src/stm32h7xx_hal_dma.o
LOAD ./Drivers/STM32H7xx_HAL_Driver/Src/stm32h7xx_hal_dma_ex.o
LOAD ./Drivers/STM32H7xx_HAL_Driver/Src/stm32h7xx_hal_exti.o
LOAD ./Drivers/STM32H7xx_HAL_Driver/Src/stm32h7xx_hal_flash.o
LOAD ./Drivers/STM32H7xx_HAL_Driver/Src/stm32h7xx_hal_flash_ex.o
LOAD ./Drivers/STM32H7xx_HAL_Driver/Src/stm32h7xx_hal_gpio.o
LOAD ./Drivers/STM32H7xx_HAL_Driver/Src/stm32h7xx_hal_hsem.o
LOAD ./Drivers/STM32H7xx_HAL_Driver/Src/stm32h7xx_hal_i2c.o
LOAD ./Drivers/STM32H7xx_HAL_Driver/Src/stm32h7xx_hal_i2c_ex.o
LOAD ./Drivers/STM32H7xx_HAL_Driver/Src/stm32h7xx_hal_mdma.o
LOAD ./Drivers/STM32H7xx_HAL_Driver/Src/stm32h7xx_hal_pwr.o
LOAD ./Drivers/STM32H7xx_HAL_Driver/Src/stm32h7xx_hal_pwr_ex.o
LOAD ./Drivers/STM32H7xx_HAL_Driver/Src/stm32h7xx_hal_rcc.o
LOAD ./Drivers/STM32H7xx_HAL_Driver/Src/stm32h7xx_hal_rcc_ex.o
LOAD ./Drivers/STM32H7xx_HAL_Driver/Src/stm32h7xx_hal_spi.o
LOAD ./Drivers/STM32H7xx_HAL_Driver/Src/stm32h7xx_hal_spi_ex.o
LOAD ./Drivers/STM32H7xx_HAL_Driver/Src/stm32h7xx_hal_tim.o
LOAD ./Drivers/STM32H7xx_HAL_Driver/Src/stm32h7xx_hal_tim_ex.o
LOAD ./Drivers/STM32H7xx_HAL_Driver/Src/stm32h7xx_hal_uart.o
LOAD ./Drivers/STM32H7xx_HAL_Driver/Src/stm32h7xx_hal_uart_ex.o
LOAD ./Drivers/STM32H7xx_HAL_Driver/Src/stm32h7xx_hal_usart.o
LOAD ./Drivers/STM32H7xx_HAL_Driver/Src/stm32h7xx_hal_usart_ex.o
LOAD ./Drivers/nrf24/NRF24.o
START GROUP
LOAD C:/ST/STM32CubeIDE_2.0.0/STM32CubeIDE/plugins/com.st.stm32cube.ide.mcu.externaltools.gnu-tools-for-stm32.13.3.rel1.win32_1.0.100.202509120712/tools/bin/../lib/gcc/arm-none-eabi/13.3.1/../../../../arm-none-eabi/lib/thumb/v7e-m+dp/hard\libc_nano.a
LOAD C:/ST/STM32CubeIDE_2.0.0/STM32CubeIDE/plugins/com.st.stm32cube.ide.mcu.externaltools.gnu-tools-for-stm32.13.3.rel1.win32_1.0.100.202509120712/tools/bin/../lib/gcc/arm-none-eabi/13.3.1/../../../../arm-none-eabi/lib/thumb/v7e-m+dp/hard\libm.a
END GROUP
START GROUP
LOAD C:/ST/STM32CubeIDE_2.0.0/STM32CubeIDE/plugins/com.st.stm32cube.ide.mcu.externaltools.gnu-tools-for-stm32.13.3.rel1.win32_1.0.100.202509120712/tools/bin/../lib/gcc/arm-none-eabi/13.3.1/thumb/v7e-m+dp/hard\libgcc.a
LOAD C:/ST/STM32CubeIDE_2.0.0/STM32CubeIDE/plugins/com.st.stm32cube.ide.mcu.externaltools.gnu-tools-for-stm32.13.3.rel1.win32_1.0.100.202509120712/tools/bin/../lib/gcc/arm-none-eabi/13.3.1/../../../../arm-none-eabi/lib/thumb/v7e-m+dp/hard\libc_nano.a
END GROUP
START GROUP
LOAD C:/ST/STM32CubeIDE_2.0.0/STM32CubeIDE/plugins/com.st.stm32cube.ide.mcu.externaltools.gnu-tools-for-stm32.13.3.rel1.win32_1.0.100.202509120712/tools/bin/../lib/gcc/arm-none-eabi/13.3.1/thumb/v7e-m+dp/hard\libgcc.a
LOAD C:/ST/STM32CubeIDE_2.0.0/STM32CubeIDE/plugins/com.st.stm32cube.ide.mcu.externaltools.gnu-tools-for-stm32.13.3.rel1.win32_1.0.100.202509120712/tools/bin/../lib/gcc/arm-none-eabi/13.3.1/../../../../arm-none-eabi/lib/thumb/v7e-m+dp/hard\libc_nano.a
LOAD C:/ST/STM32CubeIDE_2.0.0/STM32CubeIDE/plugins/com.st.stm32cube.ide.mcu.externaltools.gnu-tools-for-stm32.13.3.rel1.win32_1.0.100.202509120712/tools/bin/../lib/gcc/arm-none-eabi/13.3.1/../../../../arm-none-eabi/lib/thumb/v7e-m+dp/hard\libnosys.a
END GROUP
START GROUP
LOAD C:/ST/STM32CubeIDE_2.0.0/STM32CubeIDE/plugins/com.st.stm32cube.ide.mcu.externaltools.gnu-tools-for-stm32.13.3.rel1.win32_1.0.100.202509120712/tools/bin/../lib/gcc/arm-none-eabi/13.3.1/thumb/v7e-m+dp/hard\libgcc.a
LOAD C:/ST/STM32CubeIDE_2.0.0/STM32CubeIDE/plugins/com.st.stm32cube.ide.mcu.externaltools.gnu-tools-for-stm32.13.3.rel1.win32_1.0.100.202509120712/tools/bin/../lib/gcc/arm-none-eabi/13.3.1/../../../../arm-none-eabi/lib/thumb/v7e-m+dp/hard\libc_nano.a
LOAD C:/ST/STM32CubeIDE_2.0.0/STM32CubeIDE/plugins/com.st.stm32cube.ide.mcu.externaltools.gnu-tools-for-stm32.13.3.rel1.win32_1.0.100.202509120712/tools/bin/../lib/gcc/arm-none-eabi/13.3.1/../../../../arm-none-eabi/lib/thumb/v7e-m+dp/hard\libnosys.a
END GROUP
LOAD C:/ST/STM32CubeIDE_2.0.0/STM32CubeIDE/plugins/com.st.stm32cube.ide.mcu.externaltools.gnu-tools-for-stm32.13.3.rel1.win32_1.0.100.202509120712/tools/bin/../lib/gcc/arm-none-eabi/13.3.1/thumb/v7e-m+dp/hard/crtend.o
LOAD C:/ST/STM32CubeIDE_2.0.0/STM32CubeIDE/plugins/com.st.stm32cube.ide.mcu.externaltools.gnu-tools-for-stm32.13.3.rel1.win32_1.0.100.202509120712/tools/bin/../lib/gcc/arm-none-eabi/13.3.1/thumb/v7e-m+dp/hard/crtn.o
                0x24080000                        _estack = (ORIGIN (RAM_D1) + LENGTH (RAM_D1))
                0x00000200                        _Min_Heap_Size = 0x200
                0x00000400                        _Min_Stack_Size = 0x400

.isr_vector     0x08000000      0x298
                0x08000000                        . = ALIGN (0x4)
 *(.isr_vector)
 .isr_vector    0x08000000      0x298 ./Core/Startup/startup_stm32h753zitx.o
                0x08000000                g_pfnVectors
                0x08000298                        . = ALIGN (0x4)

.text           0x08000298     0x9104
                0x08000298                        . = ALIGN (0x4)
 *(.text)
 .text          0x08000298       0x40 C:/ST/STM32CubeIDE_2.0.0/STM32CubeIDE/plugins/com.st.stm32cube.ide.mcu.externaltools.gnu-tools-for-stm32.13.3.rel1.win32_1.0.100.202509120712/tools/bin/../lib/gcc/arm-none-eabi/13.3.1/thumb/v7e-m+dp/hard/crtbegin.o
 .text          0x080002d8       0x14 C:/ST/STM32CubeIDE_2.0.0/STM32CubeIDE/plugins/com.st.stm32cube.ide.mcu.externaltools.gnu-tools-for-stm32.13.3.rel1.win32_1.0.100.202509120712/tools/bin/../lib/gcc/arm-none-eabi/13.3.1/../../../../arm-none-eabi/lib/thumb/v7e-m+dp/hard\libc_nano.a(libc_a-strcmp.o)
                0x080002d8                strcmp
 .text          0x080002ec       0x30 C:/ST/STM32CubeIDE_2.0.0/STM32CubeIDE/plugins/com.st.stm32cube.ide.mcu.externaltools.gnu-tools-for-stm32.13.3.rel1.win32_1.0.100.202509120712/tools/bin/../lib/gcc/arm-none-eabi/13.3.1/thumb/v7e-m+dp/hard\libgcc.a(_aeabi_uldivmod.o)
                0x080002ec                __aeabi_uldivmod
 .text          0x0800031c      0x2f8 C:/ST/STM32CubeIDE_2.0.0/STM32CubeIDE/plugins/com.st.stm32cube.ide.mcu.externaltools.gnu-tools-for-stm32.13.3.rel1.win32_1.0.100.202509120712/tools/bin/../lib/gcc/arm-none-eabi/13.3.1/thumb/v7e-m+dp/hard\libgcc.a(_udivmoddi4.o)
                0x0800031c                __udivmoddi4
 .text          0x08000614        0x4 C:/ST/STM32CubeIDE_2.0.0/STM32CubeIDE/plugins/com.st.stm32cube.ide.mcu.externaltools.gnu-tools-for-stm32.13.3.rel1.win32_1.0.100.202509120712/tools/bin/../lib/gcc/arm-none-eabi/13.3.1/thumb/v7e-m+dp/hard\libgcc.a(_dvmd_tls.o)
                0x08000614                __aeabi_idiv0
                0x08000614                __aeabi_ldiv0
 *(.text*)
 .text.MX_GPIO_Init
                0x08000618      0x110 ./Core/Src/gpio.o
                0x08000618                MX_GPIO_Init
 .text.main     0x08000728      0x200 ./Core/Src/main.o
                0x08000728                main
 .text.SystemClock_Config
                0x08000928       0xf8 ./Core/Src/main.o
                0x08000928                SystemClock_Config
 .text.HAL_GPIO_EXTI_Callback
                0x08000a20       0x28 ./Core/Src/main.o
                0x08000a20                HAL_GPIO_EXTI_Callback
 .text.Error_Handler
                0x08000a48        0xc ./Core/Src/main.o
                0x08000a48                Error_Handler
 .text.MX_SPI1_Init
                0x08000a54       0xac ./Core/Src/spi.o
                0x08000a54                MX_SPI1_Init
 .text.HAL_SPI_MspInit
                0x08000b00       0xe0 ./Core/Src/spi.o
                0x08000b00                HAL_SPI_MspInit
 .text.HAL_MspInit
                0x08000be0       0x34 ./Core/Src/stm32h7xx_hal_msp.o
                0x08000be0                HAL_MspInit
 .text.NMI_Handler
                0x08000c14        0x8 ./Core/Src/stm32h7xx_it.o
                0x08000c14                NMI_Handler
 .text.HardFault_Handler
                0x08000c1c        0x8 ./Core/Src/stm32h7xx_it.o
                0x08000c1c                HardFault_Handler
 .text.MemManage_Handler
                0x08000c24        0x8 ./Core/Src/stm32h7xx_it.o
                0x08000c24                MemManage_Handler
 .text.BusFault_Handler
                0x08000c2c        0x8 ./Core/Src/stm32h7xx_it.o
                0x08000c2c                BusFault_Handler
 .text.UsageFault_Handler
                0x08000c34        0x8 ./Core/Src/stm32h7xx_it.o
                0x08000c34                UsageFault_Handler
 .text.SVC_Handler
                0x08000c3c        0xe ./Core/Src/stm32h7xx_it.o
                0x08000c3c                SVC_Handler
 .text.DebugMon_Handler
                0x08000c4a        0xe ./Core/Src/stm32h7xx_it.o
                0x08000c4a                DebugMon_Handler
 .text.PendSV_Handler
                0x08000c58        0xe ./Core/Src/stm32h7xx_it.o
                0x08000c58                PendSV_Handler
 .text.SysTick_Handler
                0x08000c66        0xc ./Core/Src/stm32h7xx_it.o
                0x08000c66                SysTick_Handler
 .text.EXTI9_5_IRQHandler
                0x08000c72        0xe ./Core/Src/stm32h7xx_it.o
                0x08000c72                EXTI9_5_IRQHandler
 .text.SPI1_IRQHandler
                0x08000c80       0x14 ./Core/Src/stm32h7xx_it.o
                0x08000c80                SPI1_IRQHandler
 .text.USART3_IRQHandler
                0x08000c94       0x14 ./Core/Src/stm32h7xx_it.o
                0x08000c94                USART3_IRQHandler
 .text.EXTI15_10_IRQHandler
                0x08000ca8        0xe ./Core/Src/stm32h7xx_it.o
                0x08000ca8                EXTI15_10_IRQHandler
 *fill*         0x08000cb6        0x2 
 .text.SystemInit
                0x08000cb8      0x140 ./Core/Src/system_stm32h7xx.o
                0x08000cb8                SystemInit
 .text.ExitRun0Mode
                0x08000df8       0x30 ./Core/Src/system_stm32h7xx.o
                0x08000df8                ExitRun0Mode
 .text.MX_TIM6_Init
                0x08000e28       0x6c ./Core/Src/tim.o
                0x08000e28                MX_TIM6_Init
 .text.HAL_TIM_Base_MspInit
                0x08000e94       0x44 ./Core/Src/tim.o
                0x08000e94                HAL_TIM_Base_MspInit
 .text.MX_USART3_UART_Init
                0x08000ed8       0x98 ./Core/Src/usart.o
                0x08000ed8                MX_USART3_UART_Init
 .text.HAL_UART_MspInit
                0x08000f70       0xe4 ./Core/Src/usart.o
                0x08000f70                HAL_UART_MspInit
 .text.Reset_Handler
                0x08001054       0x54 ./Core/Startup/startup_stm32h753zitx.o
                0x08001054                Reset_Handler
 .text.Default_Handler
                0x080010a8        0x2 ./Core/Startup/startup_stm32h753zitx.o
                0x080010a8                RTC_Alarm_IRQHandler
                0x080010a8                HASH_RNG_IRQHandler
                0x080010a8                EXTI2_IRQHandler
                0x080010a8                TIM8_CC_IRQHandler
                0x080010a8                HRTIM1_Master_IRQHandler
                0x080010a8                UART8_IRQHandler
                0x080010a8                SPI4_IRQHandler
                0x080010a8                TIM1_CC_IRQHandler
                0x080010a8                BDMA_Channel6_IRQHandler
                0x080010a8                DMA2_Stream5_IRQHandler
                0x080010a8                HRTIM1_FLT_IRQHandler
                0x080010a8                JPEG_IRQHandler
                0x080010a8                DMA1_Stream5_IRQHandler
                0x080010a8                BDMA_Channel1_IRQHandler
                0x080010a8                HRTIM1_TIMD_IRQHandler
                0x080010a8                TAMP_STAMP_IRQHandler
                0x080010a8                EXTI3_IRQHandler
                0x080010a8                LPTIM4_IRQHandler
                0x080010a8                TIM8_TRG_COM_TIM14_IRQHandler
                0x080010a8                LPTIM2_IRQHandler
                0x080010a8                DFSDM1_FLT1_IRQHandler
                0x080010a8                DMAMUX2_OVR_IRQHandler
                0x080010a8                TIM8_UP_TIM13_IRQHandler
                0x080010a8                I2C3_ER_IRQHandler
                0x080010a8                DFSDM1_FLT2_IRQHandler
                0x080010a8                MDMA_IRQHandler
                0x080010a8                LPTIM3_IRQHandler
                0x080010a8                HSEM1_IRQHandler
                0x080010a8                EXTI0_IRQHandler
                0x080010a8                I2C2_EV_IRQHandler
                0x080010a8                DMA1_Stream2_IRQHandler
                0x080010a8                FPU_IRQHandler
                0x080010a8                OTG_HS_WKUP_IRQHandler
                0x080010a8                FDCAN1_IT1_IRQHandler
                0x080010a8                LTDC_ER_IRQHandler
                0x080010a8                DMA2_Stream2_IRQHandler
                0x080010a8                HRTIM1_TIME_IRQHandler
                0x080010a8                TIM6_DAC_IRQHandler
                0x080010a8                DCMI_IRQHandler
                0x080010a8                HRTIM1_TIMC_IRQHandler
                0x080010a8                DMA2_Stream3_IRQHandler
                0x080010a8                SAI2_IRQHandler
                0x080010a8                DFSDM1_FLT3_IRQHandler
                0x080010a8                USART6_IRQHandler
                0x080010a8                TIM17_IRQHandler
                0x080010a8                BDMA_Channel7_IRQHandler
                0x080010a8                CRYP_IRQHandler
                0x080010a8                LPTIM5_IRQHandler
                0x080010a8                UART5_IRQHandler
                0x080010a8                ADC3_IRQHandler
                0x080010a8                DMA2_Stream0_IRQHandler
                0x080010a8                TIM4_IRQHandler
                0x080010a8                BDMA_Channel2_IRQHandler
                0x080010a8                QUADSPI_IRQHandler
                0x080010a8                I2C1_EV_IRQHandler
                0x080010a8                DMA1_Stream6_IRQHandler
                0x080010a8                DMAMUX1_OVR_IRQHandler
                0x080010a8                DMA1_Stream1_IRQHandler
                0x080010a8                TIM16_IRQHandler
                0x080010a8                UART4_IRQHandler
                0x080010a8                BDMA_Channel5_IRQHandler
                0x080010a8                TIM3_IRQHandler
                0x080010a8                RCC_IRQHandler
                0x080010a8                TIM8_BRK_TIM12_IRQHandler
                0x080010a8                TIM1_TRG_COM_IRQHandler
                0x080010a8                Default_Handler
                0x080010a8                ECC_IRQHandler
                0x080010a8                CEC_IRQHandler
                0x080010a8                BDMA_Channel0_IRQHandler
                0x080010a8                ADC_IRQHandler
                0x080010a8                DMA1_Stream7_IRQHandler
                0x080010a8                HRTIM1_TIMA_IRQHandler
                0x080010a8                SPI5_IRQHandler
                0x080010a8                TIM7_IRQHandler
                0x080010a8                SDMMC1_IRQHandler
                0x080010a8                TIM5_IRQHandler
                0x080010a8                DMA2_Stream7_IRQHandler
                0x080010a8                TIM15_IRQHandler
                0x080010a8                PVD_AVD_IRQHandler
                0x080010a8                I2C3_EV_IRQHandler
                0x080010a8                RTC_WKUP_IRQHandler
                0x080010a8                LTDC_IRQHandler
                0x080010a8                SAI3_IRQHandler
                0x080010a8                ETH_WKUP_IRQHandler
                0x080010a8                SPDIF_RX_IRQHandler
                0x080010a8                SPI2_IRQHandler
                0x080010a8                OTG_HS_EP1_IN_IRQHandler
                0x080010a8                DMA1_Stream0_IRQHandler
                0x080010a8                CRS_IRQHandler
                0x080010a8                EXTI4_IRQHandler
                0x080010a8                HRTIM1_TIMB_IRQHandler
                0x080010a8                FDCAN2_IT1_IRQHandler
                0x080010a8                ETH_IRQHandler
                0x080010a8                TIM1_UP_IRQHandler
                0x080010a8                BDMA_Channel4_IRQHandler
                0x080010a8                OTG_HS_EP1_OUT_IRQHandler
                0x080010a8                WWDG_IRQHandler
                0x080010a8                SPI6_IRQHandler
                0x080010a8                MDIOS_IRQHandler
                0x080010a8                I2C4_EV_IRQHandler
                0x080010a8                FDCAN2_IT0_IRQHandler
                0x080010a8                LPUART1_IRQHandler
                0x080010a8                FDCAN1_IT0_IRQHandler
                0x080010a8                TIM2_IRQHandler
                0x080010a8                OTG_FS_WKUP_IRQHandler
                0x080010a8                OTG_HS_IRQHandler
                0x080010a8                DMA2D_IRQHandler
                0x080010a8                TIM1_BRK_IRQHandler
                0x080010a8                EXTI1_IRQHandler
                0x080010a8                SDMMC2_IRQHandler
                0x080010a8                OTG_FS_EP1_OUT_IRQHandler
                0x080010a8                BDMA_Channel3_IRQHandler
                0x080010a8                UART7_IRQHandler
                0x080010a8                MDIOS_WKUP_IRQHandler
                0x080010a8                USART2_IRQHandler
                0x080010a8                DFSDM1_FLT0_IRQHandler
                0x080010a8                SAI4_IRQHandler
                0x080010a8                I2C2_ER_IRQHandler
                0x080010a8                DMA2_Stream1_IRQHandler
                0x080010a8                FLASH_IRQHandler
                0x080010a8                DMA2_Stream4_IRQHandler
                0x080010a8                USART1_IRQHandler
                0x080010a8                OTG_FS_IRQHandler
                0x080010a8                SPI3_IRQHandler
                0x080010a8                WAKEUP_PIN_IRQHandler
                0x080010a8                DMA1_Stream4_IRQHandler
                0x080010a8                OTG_FS_EP1_IN_IRQHandler
                0x080010a8                I2C1_ER_IRQHandler
                0x080010a8                FMC_IRQHandler
                0x080010a8                FDCAN_CAL_IRQHandler
                0x080010a8                SWPMI1_IRQHandler
                0x080010a8                COMP1_IRQHandler
                0x080010a8                LPTIM1_IRQHandler
                0x080010a8                I2C4_ER_IRQHandler
                0x080010a8                DMA2_Stream6_IRQHandler
                0x080010a8                SAI1_IRQHandler
                0x080010a8                DMA1_Stream3_IRQHandler
 *fill*         0x080010aa        0x2 
 .text.BSP_LED_Init
                0x080010ac       0xec ./Drivers/BSP/STM32H7xx_Nucleo/stm32h7xx_nucleo.o
                0x080010ac                BSP_LED_Init
 .text.BSP_LED_Toggle
                0x08001198       0x54 ./Drivers/BSP/STM32H7xx_Nucleo/stm32h7xx_nucleo.o
                0x08001198                BSP_LED_Toggle
 .text.BSP_PB_Init
                0x080011ec       0xe4 ./Drivers/BSP/STM32H7xx_Nucleo/stm32h7xx_nucleo.o
                0x080011ec                BSP_PB_Init
 .text.BSP_PB_IRQHandler
                0x080012d0       0x24 ./Drivers/BSP/STM32H7xx_Nucleo/stm32h7xx_nucleo.o
                0x080012d0                BSP_PB_IRQHandler
 .text.BSP_PB_Callback
                0x080012f4       0x16 ./Drivers/BSP/STM32H7xx_Nucleo/stm32h7xx_nucleo.o
                0x080012f4                BSP_PB_Callback
 .text.BUTTON_USER_EXTI_Callback
                0x0800130a        0xe ./Drivers/BSP/STM32H7xx_Nucleo/stm32h7xx_nucleo.o
 .text.HAL_Init
                0x08001318       0x78 ./Drivers/STM32H7xx_HAL_Driver/Src/stm32h7xx_hal.o
                0x08001318                HAL_Init
 .text.HAL_InitTick
                0x08001390       0x6c ./Drivers/STM32H7xx_HAL_Driver/Src/stm32h7xx_hal.o
                0x08001390                HAL_InitTick
 .text.HAL_IncTick
                0x080013fc       0x28 ./Drivers/STM32H7xx_HAL_Driver/Src/stm32h7xx_hal.o
                0x080013fc                HAL_IncTick
 .text.HAL_GetTick
                0x08001424       0x18 ./Drivers/STM32H7xx_HAL_Driver/Src/stm32h7xx_hal.o
                0x08001424                HAL_GetTick
 .text.HAL_Delay
                0x0800143c       0x48 ./Drivers/STM32H7xx_HAL_Driver/Src/stm32h7xx_hal.o
                0x0800143c                HAL_Delay
 .text.HAL_GetREVID
                0x08001484       0x18 ./Drivers/STM32H7xx_HAL_Driver/Src/stm32h7xx_hal.o
                0x08001484                HAL_GetREVID
 .text.__NVIC_SetPriorityGrouping
                0x0800149c       0x48 ./Drivers/STM32H7xx_HAL_Driver/Src/stm32h7xx_hal_cortex.o
 .text.__NVIC_GetPriorityGrouping
                0x080014e4       0x1c ./Drivers/STM32H7xx_HAL_Driver/Src/stm32h7xx_hal_cortex.o
 .text.__NVIC_EnableIRQ
                0x08001500       0x3c ./Drivers/STM32H7xx_HAL_Driver/Src/stm32h7xx_hal_cortex.o
 .text.__NVIC_SetPriority
                0x0800153c       0x54 ./Drivers/STM32H7xx_HAL_Driver/Src/stm32h7xx_hal_cortex.o
 .text.NVIC_EncodePriority
                0x08001590       0x66 ./Drivers/STM32H7xx_HAL_Driver/Src/stm32h7xx_hal_cortex.o
 *fill*         0x080015f6        0x2 
 .text.SysTick_Config
                0x080015f8       0x44 ./Drivers/STM32H7xx_HAL_Driver/Src/stm32h7xx_hal_cortex.o
 .text.HAL_NVIC_SetPriorityGrouping
                0x0800163c       0x16 ./Drivers/STM32H7xx_HAL_Driver/Src/stm32h7xx_hal_cortex.o
                0x0800163c                HAL_NVIC_SetPriorityGrouping
 .text.HAL_NVIC_SetPriority
                0x08001652       0x34 ./Drivers/STM32H7xx_HAL_Driver/Src/stm32h7xx_hal_cortex.o
                0x08001652                HAL_NVIC_SetPriority
 .text.HAL_NVIC_EnableIRQ
                0x08001686       0x1c ./Drivers/STM32H7xx_HAL_Driver/Src/stm32h7xx_hal_cortex.o
                0x08001686                HAL_NVIC_EnableIRQ
 .text.HAL_SYSTICK_Config
                0x080016a2       0x18 ./Drivers/STM32H7xx_HAL_Driver/Src/stm32h7xx_hal_cortex.o
                0x080016a2                HAL_SYSTICK_Config
 *fill*         0x080016ba        0x2 
 .text.HAL_DMA_Abort
                0x080016bc      0x63c ./Drivers/STM32H7xx_HAL_Driver/Src/stm32h7xx_hal_dma.o
                0x080016bc                HAL_DMA_Abort
 .text.HAL_DMA_Abort_IT
                0x08001cf8      0x48c ./Drivers/STM32H7xx_HAL_Driver/Src/stm32h7xx_hal_dma.o
                0x08001cf8                HAL_DMA_Abort_IT
 .text.HAL_EXTI_RegisterCallback
                0x08002184       0x3e ./Drivers/STM32H7xx_HAL_Driver/Src/stm32h7xx_hal_exti.o
                0x08002184                HAL_EXTI_RegisterCallback
 .text.HAL_EXTI_GetHandle
                0x080021c2       0x28 ./Drivers/STM32H7xx_HAL_Driver/Src/stm32h7xx_hal_exti.o
                0x080021c2                HAL_EXTI_GetHandle
 *fill*         0x080021ea        0x2 
 .text.HAL_EXTI_IRQHandler
                0x080021ec       0x60 ./Drivers/STM32H7xx_HAL_Driver/Src/stm32h7xx_hal_exti.o
                0x080021ec                HAL_EXTI_IRQHandler
 .text.HAL_GPIO_Init
                0x0800224c      0x360 ./Drivers/STM32H7xx_HAL_Driver/Src/stm32h7xx_hal_gpio.o
                0x0800224c                HAL_GPIO_Init
 .text.HAL_GPIO_WritePin
                0x080025ac       0x32 ./Drivers/STM32H7xx_HAL_Driver/Src/stm32h7xx_hal_gpio.o
                0x080025ac                HAL_GPIO_WritePin
 .text.HAL_GPIO_TogglePin
                0x080025de       0x34 ./Drivers/STM32H7xx_HAL_Driver/Src/stm32h7xx_hal_gpio.o
                0x080025de                HAL_GPIO_TogglePin
 .text.HAL_GPIO_EXTI_IRQHandler
                0x08002612       0x34 ./Drivers/STM32H7xx_HAL_Driver/Src/stm32h7xx_hal_gpio.o
                0x08002612                HAL_GPIO_EXTI_IRQHandler
 *fill*         0x08002646        0x2 
 .text.HAL_PWREx_ConfigSupply
                0x08002648       0x74 ./Drivers/STM32H7xx_HAL_Driver/Src/stm32h7xx_hal_pwr_ex.o
                0x08002648                HAL_PWREx_ConfigSupply
 .text.HAL_RCC_OscConfig
                0x080026bc      0x8b4 ./Drivers/STM32H7xx_HAL_Driver/Src/stm32h7xx_hal_rcc.o
                0x080026bc                HAL_RCC_OscConfig
 .text.HAL_RCC_ClockConfig
                0x08002f70      0x36c ./Drivers/STM32H7xx_HAL_Driver/Src/stm32h7xx_hal_rcc.o
                0x08002f70                HAL_RCC_ClockConfig
 .text.HAL_RCC_GetSysClockFreq
                0x080032dc      0x2f4 ./Drivers/STM32H7xx_HAL_Driver/Src/stm32h7xx_hal_rcc.o
                0x080032dc                HAL_RCC_GetSysClockFreq
 .text.HAL_RCC_GetHCLKFreq
                0x080035d0       0x60 ./Drivers/STM32H7xx_HAL_Driver/Src/stm32h7xx_hal_rcc.o
                0x080035d0                HAL_RCC_GetHCLKFreq
 .text.HAL_RCC_GetPCLK1Freq
                0x08003630       0x2c ./Drivers/STM32H7xx_HAL_Driver/Src/stm32h7xx_hal_rcc.o
                0x08003630                HAL_RCC_GetPCLK1Freq
 .text.HAL_RCC_GetPCLK2Freq
                0x0800365c       0x2c ./Drivers/STM32H7xx_HAL_Driver/Src/stm32h7xx_hal_rcc.o
                0x0800365c                HAL_RCC_GetPCLK2Freq
 .text.HAL_RCCEx_PeriphCLKConfig
                0x08003688     0x1414 ./Drivers/STM32H7xx_HAL_Driver/Src/stm32h7xx_hal_rcc_ex.o
                0x08003688                HAL_RCCEx_PeriphCLKConfig
 .text.HAL_RCCEx_GetD3PCLK1Freq
                0x08004a9c       0x2c ./Drivers/STM32H7xx_HAL_Driver/Src/stm32h7xx_hal_rcc_ex.o
                0x08004a9c                HAL_RCCEx_GetD3PCLK1Freq
 .text.HAL_RCCEx_GetPLL2ClockFreq
                0x08004ac8      0x2a8 ./Drivers/STM32H7xx_HAL_Driver/Src/stm32h7xx_hal_rcc_ex.o
                0x08004ac8                HAL_RCCEx_GetPLL2ClockFreq
 .text.HAL_RCCEx_GetPLL3ClockFreq
                0x08004d70      0x2a8 ./Drivers/STM32H7xx_HAL_Driver/Src/stm32h7xx_hal_rcc_ex.o
                0x08004d70                HAL_RCCEx_GetPLL3ClockFreq
 .text.RCCEx_PLL2_Config
                0x08005018      0x164 ./Drivers/STM32H7xx_HAL_Driver/Src/stm32h7xx_hal_rcc_ex.o
 .text.RCCEx_PLL3_Config
                0x0800517c      0x164 ./Drivers/STM32H7xx_HAL_Driver/Src/stm32h7xx_hal_rcc_ex.o
 .text.HAL_SPI_Init
                0x080052e0      0x248 ./Drivers/STM32H7xx_HAL_Driver/Src/stm32h7xx_hal_spi.o
                0x080052e0                HAL_SPI_Init
 .text.HAL_SPI_Transmit
                0x08005528      0x3dc ./Drivers/STM32H7xx_HAL_Driver/Src/stm32h7xx_hal_spi.o
                0x08005528                HAL_SPI_Transmit
 .text.HAL_SPI_Receive
                0x08005904      0x4e4 ./Drivers/STM32H7xx_HAL_Driver/Src/stm32h7xx_hal_spi.o
                0x08005904                HAL_SPI_Receive
 .text.HAL_SPI_TransmitReceive
                0x08005de8      0x674 ./Drivers/STM32H7xx_HAL_Driver/Src/stm32h7xx_hal_spi.o
                0x08005de8                HAL_SPI_TransmitReceive
 .text.HAL_SPI_IRQHandler
                0x0800645c      0x39c ./Drivers/STM32H7xx_HAL_Driver/Src/stm32h7xx_hal_spi.o
                0x0800645c                HAL_SPI_IRQHandler
 .text.HAL_SPI_TxCpltCallback
                0x080067f8       0x14 ./Drivers/STM32H7xx_HAL_Driver/Src/stm32h7xx_hal_spi.o
                0x080067f8                HAL_SPI_TxCpltCallback
 .text.HAL_SPI_RxCpltCallback
                0x0800680c       0x14 ./Drivers/STM32H7xx_HAL_Driver/Src/stm32h7xx_hal_spi.o
                0x0800680c                HAL_SPI_RxCpltCallback
 .text.HAL_SPI_TxRxCpltCallback
                0x08006820       0x14 ./Drivers/STM32H7xx_HAL_Driver/Src/stm32h7xx_hal_spi.o
                0x08006820                HAL_SPI_TxRxCpltCallback
 .text.HAL_SPI_ErrorCallback
                0x08006834       0x14 ./Drivers/STM32H7xx_HAL_Driver/Src/stm32h7xx_hal_spi.o
                0x08006834                HAL_SPI_ErrorCallback
 .text.HAL_SPI_SuspendCallback
                0x08006848       0x14 ./Drivers/STM32H7xx_HAL_Driver/Src/stm32h7xx_hal_spi.o
                0x08006848                HAL_SPI_SuspendCallback
 .text.SPI_DMAAbortOnError
                0x0800685c       0x34 ./Drivers/STM32H7xx_HAL_Driver/Src/stm32h7xx_hal_spi.o
 .text.SPI_CloseTransfer
                0x08006890      0x140 ./Drivers/STM32H7xx_HAL_Driver/Src/stm32h7xx_hal_spi.o
 .text.SPI_WaitOnFlagUntilTimeout
                0x080069d0       0x5c ./Drivers/STM32H7xx_HAL_Driver/Src/stm32h7xx_hal_spi.o
 .text.SPI_GetPacketSize
                0x08006a2c       0x36 ./Drivers/STM32H7xx_HAL_Driver/Src/stm32h7xx_hal_spi.o
 .text.HAL_TIM_Base_Init
                0x08006a62       0xae ./Drivers/STM32H7xx_HAL_Driver/Src/stm32h7xx_hal_tim.o
                0x08006a62                HAL_TIM_Base_Init
 .text.HAL_TIM_Base_Start
                0x08006b10       0xe0 ./Drivers/STM32H7xx_HAL_Driver/Src/stm32h7xx_hal_tim.o
                0x08006b10                HAL_TIM_Base_Start
 .text.TIM_Base_SetConfig
                0x08006bf0      0x140 ./Drivers/STM32H7xx_HAL_Driver/Src/stm32h7xx_hal_tim.o
                0x08006bf0                TIM_Base_SetConfig
 .text.HAL_TIMEx_MasterConfigSynchronization
                0x08006d30      0x11c ./Drivers/STM32H7xx_HAL_Driver/Src/stm32h7xx_hal_tim_ex.o
                0x08006d30                HAL_TIMEx_MasterConfigSynchronization
 .text.HAL_UART_Init
                0x08006e4c       0xa0 ./Drivers/STM32H7xx_HAL_Driver/Src/stm32h7xx_hal_uart.o
                0x08006e4c                HAL_UART_Init
 .text.HAL_UART_Transmit
                0x08006eec      0x11c ./Drivers/STM32H7xx_HAL_Driver/Src/stm32h7xx_hal_uart.o
                0x08006eec                HAL_UART_Transmit
 .text.HAL_UART_Receive
                0x08007008      0x190 ./Drivers/STM32H7xx_HAL_Driver/Src/stm32h7xx_hal_uart.o
                0x08007008                HAL_UART_Receive
 .text.HAL_UART_IRQHandler
                0x08007198      0x7ac ./Drivers/STM32H7xx_HAL_Driver/Src/stm32h7xx_hal_uart.o
                0x08007198                HAL_UART_IRQHandler
 .text.HAL_UART_TxCpltCallback
                0x08007944       0x14 ./Drivers/STM32H7xx_HAL_Driver/Src/stm32h7xx_hal_uart.o
                0x08007944                HAL_UART_TxCpltCallback
 .text.HAL_UART_ErrorCallback
                0x08007958       0x14 ./Drivers/STM32H7xx_HAL_Driver/Src/stm32h7xx_hal_uart.o
                0x08007958                HAL_UART_ErrorCallback
 .text.HAL_UARTEx_RxEventCallback
                0x0800796c       0x18 ./Drivers/STM32H7xx_HAL_Driver/Src/stm32h7xx_hal_uart.o
                0x0800796c                HAL_UARTEx_RxEventCallback
 .text.UART_SetConfig
                0x08007984      0xad0 ./Drivers/STM32H7xx_HAL_Driver/Src/stm32h7xx_hal_uart.o
                0x08007984                UART_SetConfig
 .text.UART_AdvFeatureConfig
                0x08008454      0x144 ./Drivers/STM32H7xx_HAL_Driver/Src/stm32h7xx_hal_uart.o
                0x08008454                UART_AdvFeatureConfig
 .text.UART_CheckIdleState
                0x08008598      0x154 ./Drivers/STM32H7xx_HAL_Driver/Src/stm32h7xx_hal_uart.o
                0x08008598                UART_CheckIdleState
 .text.UART_WaitOnFlagUntilTimeout
                0x080086ec       0xda ./Drivers/STM32H7xx_HAL_Driver/Src/stm32h7xx_hal_uart.o
                0x080086ec                UART_WaitOnFlagUntilTimeout
 *fill*         0x080087c6        0x2 
 .text.UART_EndRxTransfer
                0x080087c8       0xcc ./Drivers/STM32H7xx_HAL_Driver/Src/stm32h7xx_hal_uart.o
 .text.UART_DMAAbortOnError
                0x08008894       0x24 ./Drivers/STM32H7xx_HAL_Driver/Src/stm32h7xx_hal_uart.o
 .text.UART_EndTransmit_IT
                0x080088b8       0x56 ./Drivers/STM32H7xx_HAL_Driver/Src/stm32h7xx_hal_uart.o
 .text.HAL_UARTEx_WakeupCallback
                0x0800890e       0x14 ./Drivers/STM32H7xx_HAL_Driver/Src/stm32h7xx_hal_uart_ex.o
                0x0800890e                HAL_UARTEx_WakeupCallback
 .text.HAL_UARTEx_RxFifoFullCallback
                0x08008922       0x14 ./Drivers/STM32H7xx_HAL_Driver/Src/stm32h7xx_hal_uart_ex.o
                0x08008922                HAL_UARTEx_RxFifoFullCallback
 .text.HAL_UARTEx_TxFifoEmptyCallback
                0x08008936       0x14 ./Drivers/STM32H7xx_HAL_Driver/Src/stm32h7xx_hal_uart_ex.o
                0x08008936                HAL_UARTEx_TxFifoEmptyCallback
 .text.HAL_UARTEx_DisableFifoMode
                0x0800894a       0x72 ./Drivers/STM32H7xx_HAL_Driver/Src/stm32h7xx_hal_uart_ex.o
                0x0800894a                HAL_UARTEx_DisableFifoMode
 .text.HAL_UARTEx_SetTxFifoThreshold
                0x080089bc       0x7c ./Drivers/STM32H7xx_HAL_Driver/Src/stm32h7xx_hal_uart_ex.o
                0x080089bc                HAL_UARTEx_SetTxFifoThreshold
 .text.HAL_UARTEx_SetRxFifoThreshold
                0x08008a38       0x7c ./Drivers/STM32H7xx_HAL_Driver/Src/stm32h7xx_hal_uart_ex.o
                0x08008a38                HAL_UARTEx_SetRxFifoThreshold
 .text.UARTEx_SetNbDataToProcess
                0x08008ab4       0x9c ./Drivers/STM32H7xx_HAL_Driver/Src/stm32h7xx_hal_uart_ex.o
 .text.csn_high
                0x08008b50       0x18 ./Drivers/nrf24/NRF24.o
                0x08008b50                csn_high
 .text.csn_low  0x08008b68       0x18 ./Drivers/nrf24/NRF24.o
                0x08008b68                csn_low
 .text.ce_high  0x08008b80       0x18 ./Drivers/nrf24/NRF24.o
                0x08008b80                ce_high
 .text.ce_low   0x08008b98       0x18 ./Drivers/nrf24/NRF24.o
                0x08008b98                ce_low
 .text.nrf24_w_reg
                0x08008bb0       0x50 ./Drivers/nrf24/NRF24.o
                0x08008bb0                nrf24_w_reg
 .text.nrf24_r_reg
                0x08008c00       0x50 ./Drivers/nrf24/NRF24.o
                0x08008c00                nrf24_r_reg
 .text.nrf24_w_spec_cmd
                0x08008c50       0x24 ./Drivers/nrf24/NRF24.o
                0x08008c50                nrf24_w_spec_cmd
 .text.nrf24_pwr_up
                0x08008c74       0x34 ./Drivers/nrf24/NRF24.o
                0x08008c74                nrf24_pwr_up
 .text.nrf24_tx_pwr
                0x08008ca8       0x4e ./Drivers/nrf24/NRF24.o
                0x08008ca8                nrf24_tx_pwr
 .text.nrf24_data_rate
                0x08008cf6       0x5c ./Drivers/nrf24/NRF24.o
                0x08008cf6                nrf24_data_rate
 .text.nrf24_set_channel
                0x08008d52       0x1e ./Drivers/nrf24/NRF24.o
                0x08008d52                nrf24_set_channel
 .text.nrf24_open_tx_pipe
                0x08008d70       0x1a ./Drivers/nrf24/NRF24.o
                0x08008d70                nrf24_open_tx_pipe
 *fill*         0x08008d8a        0x2 
 .text.nrf24_pipe_pld_size
                0x08008d8c       0x9c ./Drivers/nrf24/NRF24.o
                0x08008d8c                nrf24_pipe_pld_size
 .text.nrf24_open_rx_pipe
                0x08008e28       0xdc ./Drivers/nrf24/NRF24.o
                0x08008e28                nrf24_open_rx_pipe
 .text.nrf24_set_crc
                0x08008f04       0x5c ./Drivers/nrf24/NRF24.o
                0x08008f04                nrf24_set_crc
 .text.nrf24_flush_tx
                0x08008f60       0x16 ./Drivers/nrf24/NRF24.o
                0x08008f60                nrf24_flush_tx
 .text.nrf24_flush_rx
                0x08008f76       0x16 ./Drivers/nrf24/NRF24.o
                0x08008f76                nrf24_flush_rx
 .text.nrf24_r_status
                0x08008f8c       0x38 ./Drivers/nrf24/NRF24.o
                0x08008f8c                nrf24_r_status
 .text.nrf24_clear_rx_dr
                0x08008fc4       0x30 ./Drivers/nrf24/NRF24.o
                0x08008fc4                nrf24_clear_rx_dr
 .text.nrf24_clear_tx_ds
                0x08008ff4       0x30 ./Drivers/nrf24/NRF24.o
                0x08008ff4                nrf24_clear_tx_ds
 .text.nrf24_clear_max_rt
                0x08009024       0x30 ./Drivers/nrf24/NRF24.o
                0x08009024                nrf24_clear_max_rt
 .text.nrf24_listen
                0x08009054       0x38 ./Drivers/nrf24/NRF24.o
                0x08009054                nrf24_listen
 .text.nrf24_stop_listen
                0x0800908c       0x34 ./Drivers/nrf24/NRF24.o
                0x0800908c                nrf24_stop_listen
 .text.nrf24_auto_ack_all
                0x080090c0       0x3c ./Drivers/nrf24/NRF24.o
                0x080090c0                nrf24_auto_ack_all
 .text.nrf24_auto_retr_delay
                0x080090fc       0x4a ./Drivers/nrf24/NRF24.o
                0x080090fc                nrf24_auto_retr_delay
 .text.nrf24_auto_retr_limit
                0x08009146       0x40 ./Drivers/nrf24/NRF24.o
                0x08009146                nrf24_auto_retr_limit
 .text.nrf24_data_available
                0x08009186       0x2a ./Drivers/nrf24/NRF24.o
                0x08009186                nrf24_data_available
 .text.nrf24_receive
                0x080091b0       0x48 ./Drivers/nrf24/NRF24.o
                0x080091b0                nrf24_receive
 .text.nrf24_init
                0x080091f8       0x34 ./Drivers/nrf24/NRF24.o
                0x080091f8                nrf24_init
 .text.nrf24_mode_tx
                0x0800922c       0x22 ./Drivers/nrf24/NRF24.o
                0x0800922c                nrf24_mode_tx
 .text.nrf24_mode_rx
                0x0800924e       0x14 ./Drivers/nrf24/NRF24.o
                0x0800924e                nrf24_mode_rx
 *fill*         0x08009262        0x2 
 .text.nrf24_transmit_wait
                0x08009264       0xa4 ./Drivers/nrf24/NRF24.o
                0x08009264                nrf24_transmit_wait
 .text.memset   0x08009308       0x10 C:/ST/STM32CubeIDE_2.0.0/STM32CubeIDE/plugins/com.st.stm32cube.ide.mcu.externaltools.gnu-tools-for-stm32.13.3.rel1.win32_1.0.100.202509120712/tools/bin/../lib/gcc/arm-none-eabi/13.3.1/../../../../arm-none-eabi/lib/thumb/v7e-m+dp/hard\libc_nano.a(libc_a-memset.o)
                0x08009308                memset
 .text.strncmp  0x08009318       0x24 C:/ST/STM32CubeIDE_2.0.0/STM32CubeIDE/plugins/com.st.stm32cube.ide.mcu.externaltools.gnu-tools-for-stm32.13.3.rel1.win32_1.0.100.202509120712/tools/bin/../lib/gcc/arm-none-eabi/13.3.1/../../../../arm-none-eabi/lib/thumb/v7e-m+dp/hard\libc_nano.a(libc_a-strncmp.o)
                0x08009318                strncmp
 .text.__libc_init_array
                0x0800933c       0x48 C:/ST/STM32CubeIDE_2.0.0/STM32CubeIDE/plugins/com.st.stm32cube.ide.mcu.externaltools.gnu-tools-for-stm32.13.3.rel1.win32_1.0.100.202509120712/tools/bin/../lib/gcc/arm-none-eabi/13.3.1/../../../../arm-none-eabi/lib/thumb/v7e-m+dp/hard\libc_nano.a(libc_a-init.o)
                0x0800933c                __libc_init_array
 *(.glue_7)
 .glue_7        0x08009384        0x0 linker stubs
 *(.glue_7t)
 .glue_7t       0x08009384        0x0 linker stubs
 *(.eh_frame)
 .eh_frame      0x08009384        0x0 C:/ST/STM32CubeIDE_2.0.0/STM32CubeIDE/plugins/com.st.stm32cube.ide.mcu.externaltools.gnu-tools-for-stm32.13.3.rel1.win32_1.0.100.202509120712/tools/bin/../lib/gcc/arm-none-eabi/13.3.1/thumb/v7e-m+dp/hard/crtbegin.o
 *(.init)
 .init          0x08009384        0x4 C:/ST/STM32CubeIDE_2.0.0/STM32CubeIDE/plugins/com.st.stm32cube.ide.mcu.externaltools.gnu-tools-for-stm32.13.3.rel1.win32_1.0.100.202509120712/tools/bin/../lib/gcc/arm-none-eabi/13.3.1/thumb/v7e-m+dp/hard/crti.o
                0x08009384                _init
 .init          0x08009388        0x8 C:/ST/STM32CubeIDE_2.0.0/STM32CubeIDE/plugins/com.st.stm32cube.ide.mcu.externaltools.gnu-tools-for-stm32.13.3.rel1.win32_1.0.100.202509120712/tools/bin/../lib/gcc/arm-none-eabi/13.3.1/thumb/v7e-m+dp/hard/crtn.o
 *(.fini)
 .fini          0x08009390        0x4 C:/ST/STM32CubeIDE_2.0.0/STM32CubeIDE/plugins/com.st.stm32cube.ide.mcu.externaltools.gnu-tools-for-stm32.13.3.rel1.win32_1.0.100.202509120712/tools/bin/../lib/gcc/arm-none-eabi/13.3.1/thumb/v7e-m+dp/hard/crti.o
                0x08009390                _fini
 .fini          0x08009394        0x8 C:/ST/STM32CubeIDE_2.0.0/STM32CubeIDE/plugins/com.st.stm32cube.ide.mcu.externaltools.gnu-tools-for-stm32.13.3.rel1.win32_1.0.100.202509120712/tools/bin/../lib/gcc/arm-none-eabi/13.3.1/thumb/v7e-m+dp/hard/crtn.o
                0x0800939c                        . = ALIGN (0x4)
                0x0800939c                        _etext = .

.vfp11_veneer   0x0800939c        0x0
 .vfp11_veneer  0x0800939c        0x0 linker stubs

.v4_bx          0x0800939c        0x0
 .v4_bx         0x0800939c        0x0 linker stubs

.iplt           0x0800939c        0x0
 .iplt          0x0800939c        0x0 C:/ST/STM32CubeIDE_2.0.0/STM32CubeIDE/plugins/com.st.stm32cube.ide.mcu.externaltools.gnu-tools-for-stm32.13.3.rel1.win32_1.0.100.202509120712/tools/bin/../lib/gcc/arm-none-eabi/13.3.1/thumb/v7e-m+dp/hard/crtbegin.o

.rodata         0x0800939c       0x70
                0x0800939c                        . = ALIGN (0x4)
 *(.rodata)
 .rodata        0x0800939c       0x29 ./Core/Src/main.o
 *(.rodata*)
 *fill*         0x080093c5        0x3 
 .rodata.D1CorePrescTable
                0x080093c8       0x10 ./Core/Src/system_stm32h7xx.o
                0x080093c8                D1CorePrescTable
 .rodata.LED_PIN
                0x080093d8        0x6 ./Drivers/BSP/STM32H7xx_Nucleo/stm32h7xx_nucleo.o
 *fill*         0x080093de        0x2 
 .rodata.BUTTON_EXTI_LINE.2
                0x080093e0        0x4 ./Drivers/BSP/STM32H7xx_Nucleo/stm32h7xx_nucleo.o
 .rodata.UARTPrescTable
                0x080093e4       0x18 ./Drivers/STM32H7xx_HAL_Driver/Src/stm32h7xx_hal_uart.o
                0x080093e4                UARTPrescTable
 .rodata.numerator.1
                0x080093fc        0x8 ./Drivers/STM32H7xx_HAL_Driver/Src/stm32h7xx_hal_uart_ex.o
 .rodata.denominator.0
                0x08009404        0x8 ./Drivers/STM32H7xx_HAL_Driver/Src/stm32h7xx_hal_uart_ex.o
                0x0800940c                        . = ALIGN (0x4)

.ARM.extab
 *(.ARM.extab* .gnu.linkonce.armextab.*)

.ARM            0x0800940c        0x8
                0x0800940c                        __exidx_start = .
 *(.ARM.exidx*)
 .ARM.exidx     0x0800940c        0x8 C:/ST/STM32CubeIDE_2.0.0/STM32CubeIDE/plugins/com.st.stm32cube.ide.mcu.externaltools.gnu-tools-for-stm32.13.3.rel1.win32_1.0.100.202509120712/tools/bin/../lib/gcc/arm-none-eabi/13.3.1/../../../../arm-none-eabi/lib/thumb/v7e-m+dp/hard\libc_nano.a(libc_a-strcmp.o)
 .ARM.exidx     0x08009414        0x0 C:/ST/STM32CubeIDE_2.0.0/STM32CubeIDE/plugins/com.st.stm32cube.ide.mcu.externaltools.gnu-tools-for-stm32.13.3.rel1.win32_1.0.100.202509120712/tools/bin/../lib/gcc/arm-none-eabi/13.3.1/thumb/v7e-m+dp/hard\libgcc.a(_udivmoddi4.o)
                                  0x8 (size before relaxing)
                0x08009414                        __exidx_end = .

.preinit_array  0x08009414        0x0
                0x08009414                        PROVIDE (__preinit_array_start = .)
 *(.preinit_array*)
                0x08009414                        PROVIDE (__preinit_array_end = .)

.init_array     0x08009414        0x4
                0x08009414                        PROVIDE (__init_array_start = .)
 *(SORT_BY_NAME(.init_array.*))
 *(.init_array*)
 .init_array    0x08009414        0x4 C:/ST/STM32CubeIDE_2.0.0/STM32CubeIDE/plugins/com.st.stm32cube.ide.mcu.externaltools.gnu-tools-for-stm32.13.3.rel1.win32_1.0.100.202509120712/tools/bin/../lib/gcc/arm-none-eabi/13.3.1/thumb/v7e-m+dp/hard/crtbegin.o
                0x08009418                        PROVIDE (__init_array_end = .)

.fini_array     0x08009418        0x4
                [!provide]                        PROVIDE (__fini_array_start = .)
 *(SORT_BY_NAME(.fini_array.*))
 *(.fini_array*)
 .fini_array    0x08009418        0x4 C:/ST/STM32CubeIDE_2.0.0/STM32CubeIDE/plugins/com.st.stm32cube.ide.mcu.externaltools.gnu-tools-for-stm32.13.3.rel1.win32_1.0.100.202509120712/tools/bin/../lib/gcc/arm-none-eabi/13.3.1/thumb/v7e-m+dp/hard/crtbegin.o
                [!provide]                        PROVIDE (__fini_array_end = .)
                0x0800941c                        _sidata = LOADADDR (.data)

.rel.dyn        0x0800941c        0x0
 .rel.iplt      0x0800941c        0x0 C:/ST/STM32CubeIDE_2.0.0/STM32CubeIDE/plugins/com.st.stm32cube.ide.mcu.externaltools.gnu-tools-for-stm32.13.3.rel1.win32_1.0.100.202509120712/tools/bin/../lib/gcc/arm-none-eabi/13.3.1/thumb/v7e-m+dp/hard/crtbegin.o

.data           0x24000000       0x40 load address 0x0800941c
                0x24000000                        . = ALIGN (0x4)
                0x24000000                        _sdata = .
 *(.data)
 *(.data*)
 .data.complete_msg
                0x24000000        0xa ./Core/Src/main.o
                0x24000000                complete_msg
 *fill*         0x2400000a        0x2 
 .data.rf_error_msg
                0x2400000c        0xa ./Core/Src/main.o
                0x2400000c                rf_error_msg
 *fill*         0x24000016        0x2 
 .data.SystemCoreClock
                0x24000018        0x4 ./Core/Src/system_stm32h7xx.o
                0x24000018                SystemCoreClock
 .data.SystemD2Clock
                0x2400001c        0x4 ./Core/Src/system_stm32h7xx.o
                0x2400001c                SystemD2Clock
 .data.LED_PORT
                0x24000020        0xc ./Drivers/BSP/STM32H7xx_Nucleo/stm32h7xx_nucleo.o
 .data.BUTTON_PORT
                0x2400002c        0x4 ./Drivers/BSP/STM32H7xx_Nucleo/stm32h7xx_nucleo.o
 .data.ButtonCallback.1
                0x24000030        0x4 ./Drivers/BSP/STM32H7xx_Nucleo/stm32h7xx_nucleo.o
 .data.BSP_BUTTON_PRIO.0
                0x24000034        0x4 ./Drivers/BSP/STM32H7xx_Nucleo/stm32h7xx_nucleo.o
 .data.uwTickPrio
                0x24000038        0x4 ./Drivers/STM32H7xx_HAL_Driver/Src/stm32h7xx_hal.o
                0x24000038                uwTickPrio
 .data.uwTickFreq
                0x2400003c        0x1 ./Drivers/STM32H7xx_HAL_Driver/Src/stm32h7xx_hal.o
                0x2400003c                uwTickFreq
 *(.RamFunc)
 *(.RamFunc*)
                0x24000040                        . = ALIGN (0x4)
 *fill*         0x2400003d        0x3 
                0x24000040                        _edata = .

.igot.plt       0x24000040        0x0 load address 0x0800945c
 .igot.plt      0x24000040        0x0 C:/ST/STM32CubeIDE_2.0.0/STM32CubeIDE/plugins/com.st.stm32cube.ide.mcu.externaltools.gnu-tools-for-stm32.13.3.rel1.win32_1.0.100.202509120712/tools/bin/../lib/gcc/arm-none-eabi/13.3.1/thumb/v7e-m+dp/hard/crtbegin.o
                0x24000040                        . = ALIGN (0x4)

.bss            0x24000040      0x1f8 load address 0x0800945c
                0x24000040                        _sbss = .
                0x24000040                        __bss_start__ = _sbss
 *(.bss)
 .bss           0x24000040       0x1c C:/ST/STM32CubeIDE_2.0.0/STM32CubeIDE/plugins/com.st.stm32cube.ide.mcu.externaltools.gnu-tools-for-stm32.13.3.rel1.win32_1.0.100.202509120712/tools/bin/../lib/gcc/arm-none-eabi/13.3.1/thumb/v7e-m+dp/hard/crtbegin.o
 *(.bss*)
 .bss.uart_buf  0x2400005c       0x10 ./Core/Src/main.o
                0x2400005c                uart_buf
 .bss.uart_index
                0x2400006c        0x1 ./Core/Src/main.o
                0x2400006c                uart_index
 .bss.uart_char
                0x2400006d        0x1 ./Core/Src/main.o
                0x2400006d                uart_char
 .bss.command_ready
                0x2400006e        0x1 ./Core/Src/main.o
                0x2400006e                command_ready
 *fill*         0x2400006f        0x1 
 .bss.data_Rx   0x24000070       0x50 ./Core/Src/main.o
                0x24000070                data_Rx
 .bss.nrf_irq_flag
                0x240000c0        0x1 ./Core/Src/main.o
                0x240000c0                nrf_irq_flag
 *fill*         0x240000c1        0x3 
 .bss.hspi1     0x240000c4       0x88 ./Core/Src/spi.o
                0x240000c4                hspi1
 .bss.htim6     0x2400014c       0x4c ./Core/Src/tim.o
                0x2400014c                htim6
 .bss.huart3    0x24000198       0x94 ./Core/Src/usart.o
                0x24000198                huart3
 .bss.hpb_exti  0x2400022c        0x8 ./Drivers/BSP/STM32H7xx_Nucleo/stm32h7xx_nucleo.o
                0x2400022c                hpb_exti
 .bss.uwTick    0x24000234        0x4 ./Drivers/STM32H7xx_HAL_Driver/Src/stm32h7xx_hal.o
                0x24000234                uwTick
 *(COMMON)
                0x24000238                        . = ALIGN (0x4)
                0x24000238                        _ebss = .
                0x24000238                        __bss_end__ = _ebss

._user_heap_stack
                0x24000238      0x600 load address 0x0800945c
                0x24000238                        . = ALIGN (0x8)
                [!provide]                        PROVIDE (end = .)
                0x24000238                        PROVIDE (_end = .)
                0x24000438                        . = (. + _Min_Heap_Size)
 *fill*         0x24000238      0x200 
                0x24000838                        . = (. + _Min_Stack_Size)
 *fill*         0x24000438      0x400 
                0x24000838                        . = ALIGN (0x8)

/DISCARD/
 libc.a(*)
 libm.a(*)
 libgcc.a(*)

.ARM.attributes
                0x00000000       0x2e
 *(.ARM.attributes)
 .ARM.attributes
                0x00000000       0x20 C:/ST/STM32CubeIDE_2.0.0/STM32CubeIDE/plugins/com.st.stm32cube.ide.mcu.externaltools.gnu-tools-for-stm32.13.3.rel1.win32_1.0.100.202509120712/tools/bin/../lib/gcc/arm-none-eabi/13.3.1/thumb/v7e-m+dp/hard/crti.o
 .ARM.attributes
                0x00000020       0x32 C:/ST/STM32CubeIDE_2.0.0/STM32CubeIDE/plugins/com.st.stm32cube.ide.mcu.externaltools.gnu-tools-for-stm32.13.3.rel1.win32_1.0.100.202509120712/tools/bin/../lib/gcc/arm-none-eabi/13.3.1/thumb/v7e-m+dp/hard/crtbegin.o
 .ARM.attributes
                0x00000052       0x32 ./Core/Src/gpio.o
 .ARM.attributes
                0x00000084       0x32 ./Core/Src/main.o
 .ARM.attributes
                0x000000b6       0x32 ./Core/Src/spi.o
 .ARM.attributes
                0x000000e8       0x32 ./Core/Src/stm32h7xx_hal_msp.o
 .ARM.attributes
                0x0000011a       0x32 ./Core/Src/stm32h7xx_it.o
 .ARM.attributes
                0x0000014c       0x32 ./Core/Src/system_stm32h7xx.o
 .ARM.attributes
                0x0000017e       0x32 ./Core/Src/tim.o
 .ARM.attributes
                0x000001b0       0x32 ./Core/Src/usart.o
 .ARM.attributes
                0x000001e2       0x21 ./Core/Startup/startup_stm32h753zitx.o
 .ARM.attributes
                0x00000203       0x32 ./Drivers/BSP/STM32H7xx_Nucleo/stm32h7xx_nucleo.o
 .ARM.attributes
                0x00000235       0x32 ./Drivers/STM32H7xx_HAL_Driver/Src/stm32h7xx_hal.o
 .ARM.attributes
                0x00000267       0x32 ./Drivers/STM32H7xx_HAL_Driver/Src/stm32h7xx_hal_cortex.o
 .ARM.attributes
                0x00000299       0x32 ./Drivers/STM32H7xx_HAL_Driver/Src/stm32h7xx_hal_dma.o
 .ARM.attributes
                0x000002cb       0x32 ./Drivers/STM32H7xx_HAL_Driver/Src/stm32h7xx_hal_exti.o
 .ARM.attributes
                0x000002fd       0x32 ./Drivers/STM32H7xx_HAL_Driver/Src/stm32h7xx_hal_gpio.o
 .ARM.attributes
                0x0000032f       0x32 ./Drivers/STM32H7xx_HAL_Driver/Src/stm32h7xx_hal_pwr_ex.o
 .ARM.attributes
                0x00000361       0x32 ./Drivers/STM32H7xx_HAL_Driver/Src/stm32h7xx_hal_rcc.o
 .ARM.attributes
                0x00000393       0x32 ./Drivers/STM32H7xx_HAL_Driver/Src/stm32h7xx_hal_rcc_ex.o
 .ARM.attributes
                0x000003c5       0x32 ./Drivers/STM32H7xx_HAL_Driver/Src/stm32h7xx_hal_spi.o
 .ARM.attributes
                0x000003f7       0x32 ./Drivers/STM32H7xx_HAL_Driver/Src/stm32h7xx_hal_tim.o
 .ARM.attributes
                0x00000429       0x32 ./Drivers/STM32H7xx_HAL_Driver/Src/stm32h7xx_hal_tim_ex.o
 .ARM.attributes
                0x0000045b       0x32 ./Drivers/STM32H7xx_HAL_Driver/Src/stm32h7xx_hal_uart.o
 .ARM.attributes
                0x0000048d       0x32 ./Drivers/STM32H7xx_HAL_Driver/Src/stm32h7xx_hal_uart_ex.o
 .ARM.attributes
                0x000004bf       0x32 ./Drivers/nrf24/NRF24.o
 .ARM.attributes
                0x000004f1       0x32 C:/ST/STM32CubeIDE_2.0.0/STM32CubeIDE/plugins/com.st.stm32cube.ide.mcu.externaltools.gnu-tools-for-stm32.13.3.rel1.win32_1.0.100.202509120712/tools/bin/../lib/gcc/arm-none-eabi/13.3.1/../../../../arm-none-eabi/lib/thumb/v7e-m+dp/hard\libc_nano.a(libc_a-memset.o)
 .ARM.attributes
                0x00000523       0x32 C:/ST/STM32CubeIDE_2.0.0/STM32CubeIDE/plugins/com.st.stm32cube.ide.mcu.externaltools.gnu-tools-for-stm32.13.3.rel1.win32_1.0.100.202509120712/tools/bin/../lib/gcc/arm-none-eabi/13.3.1/../../../../arm-none-eabi/lib/thumb/v7e-m+dp/hard\libc_nano.a(libc_a-strncmp.o)
 .ARM.attributes
                0x00000555       0x32 C:/ST/STM32CubeIDE_2.0.0/STM32CubeIDE/plugins/com.st.stm32cube.ide.mcu.externaltools.gnu-tools-for-stm32.13.3.rel1.win32_1.0.100.202509120712/tools/bin/../lib/gcc/arm-none-eabi/13.3.1/../../../../arm-none-eabi/lib/thumb/v7e-m+dp/hard\libc_nano.a(libc_a-init.o)
 .ARM.attributes
                0x00000587       0x1e C:/ST/STM32CubeIDE_2.0.0/STM32CubeIDE/plugins/com.st.stm32cube.ide.mcu.externaltools.gnu-tools-for-stm32.13.3.rel1.win32_1.0.100.202509120712/tools/bin/../lib/gcc/arm-none-eabi/13.3.1/../../../../arm-none-eabi/lib/thumb/v7e-m+dp/hard\libc_nano.a(libc_a-strcmp.o)
 .ARM.attributes
                0x000005a5       0x20 C:/ST/STM32CubeIDE_2.0.0/STM32CubeIDE/plugins/com.st.stm32cube.ide.mcu.externaltools.gnu-tools-for-stm32.13.3.rel1.win32_1.0.100.202509120712/tools/bin/../lib/gcc/arm-none-eabi/13.3.1/thumb/v7e-m+dp/hard\libgcc.a(_aeabi_uldivmod.o)
 .ARM.attributes
                0x000005c5       0x32 C:/ST/STM32CubeIDE_2.0.0/STM32CubeIDE/plugins/com.st.stm32cube.ide.mcu.externaltools.gnu-tools-for-stm32.13.3.rel1.win32_1.0.100.202509120712/tools/bin/../lib/gcc/arm-none-eabi/13.3.1/thumb/v7e-m+dp/hard\libgcc.a(_udivmoddi4.o)
 .ARM.attributes
                0x000005f7       0x20 C:/ST/STM32CubeIDE_2.0.0/STM32CubeIDE/plugins/com.st.stm32cube.ide.mcu.externaltools.gnu-tools-for-stm32.13.3.rel1.win32_1.0.100.202509120712/tools/bin/../lib/gcc/arm-none-eabi/13.3.1/thumb/v7e-m+dp/hard\libgcc.a(_dvmd_tls.o)
 .ARM.attributes
                0x00000617       0x20 C:/ST/STM32CubeIDE_2.0.0/STM32CubeIDE/plugins/com.st.stm32cube.ide.mcu.externaltools.gnu-tools-for-stm32.13.3.rel1.win32_1.0.100.202509120712/tools/bin/../lib/gcc/arm-none-eabi/13.3.1/thumb/v7e-m+dp/hard/crtn.o
OUTPUT(rf_tx_test2.elf elf32-littlearm)
LOAD linker stubs
LOAD C:/ST/STM32CubeIDE_2.0.0/STM32CubeIDE/plugins/com.st.stm32cube.ide.mcu.externaltools.gnu-tools-for-stm32.13.3.rel1.win32_1.0.100.202509120712/tools/bin/../lib/gcc/arm-none-eabi/13.3.1/../../../../arm-none-eabi/lib/thumb/v7e-m+dp/hard\libc.a
LOAD C:/ST/STM32CubeIDE_2.0.0/STM32CubeIDE/plugins/com.st.stm32cube.ide.mcu.externaltools.gnu-tools-for-stm32.13.3.rel1.win32_1.0.100.202509120712/tools/bin/../lib/gcc/arm-none-eabi/13.3.1/../../../../arm-none-eabi/lib/thumb/v7e-m+dp/hard\libm.a
LOAD C:/ST/STM32CubeIDE_2.0.0/STM32CubeIDE/plugins/com.st.stm32cube.ide.mcu.externaltools.gnu-tools-for-stm32.13.3.rel1.win32_1.0.100.202509120712/tools/bin/../lib/gcc/arm-none-eabi/13.3.1/thumb/v7e-m+dp/hard\libgcc.a

.debug_info     0x00000000    0x1c2ec
 .debug_info    0x00000000      0xa14 ./Core/Src/gpio.o
 .debug_info    0x00000a14     0x1265 ./Core/Src/main.o
 .debug_info    0x00001c79     0x1473 ./Core/Src/spi.o
 .debug_info    0x000030ec      0x464 ./Core/Src/stm32h7xx_hal_msp.o
 .debug_info    0x00003550      0xc5e ./Core/Src/stm32h7xx_it.o
 .debug_info    0x000041ae      0xdb2 ./Core/Src/system_stm32h7xx.o
 .debug_info    0x00004f60      0xc5f ./Core/Src/tim.o
 .debug_info    0x00005bbf     0x1496 ./Core/Src/usart.o
 .debug_info    0x00007055       0x30 ./Core/Startup/startup_stm32h753zitx.o
 .debug_info    0x00007085      0xfc2 ./Drivers/BSP/STM32H7xx_Nucleo/stm32h7xx_nucleo.o
 .debug_info    0x00008047     0x1541 ./Drivers/STM32H7xx_HAL_Driver/Src/stm32h7xx_hal.o
 .debug_info    0x00009588     0x10b7 ./Drivers/STM32H7xx_HAL_Driver/Src/stm32h7xx_hal_cortex.o
 .debug_info    0x0000a63f      0xc31 ./Drivers/STM32H7xx_HAL_Driver/Src/stm32h7xx_hal_dma.o
 .debug_info    0x0000b270      0x916 ./Drivers/STM32H7xx_HAL_Driver/Src/stm32h7xx_hal_exti.o
 .debug_info    0x0000bb86      0xc5a ./Drivers/STM32H7xx_HAL_Driver/Src/stm32h7xx_hal_gpio.o
 .debug_info    0x0000c7e0     0x1012 ./Drivers/STM32H7xx_HAL_Driver/Src/stm32h7xx_hal_pwr_ex.o
 .debug_info    0x0000d7f2      0xe6a ./Drivers/STM32H7xx_HAL_Driver/Src/stm32h7xx_hal_rcc.o
 .debug_info    0x0000e65c     0x1225 ./Drivers/STM32H7xx_HAL_Driver/Src/stm32h7xx_hal_rcc_ex.o
 .debug_info    0x0000f881     0x144a ./Drivers/STM32H7xx_HAL_Driver/Src/stm32h7xx_hal_spi.o
 .debug_info    0x00010ccb     0x2bae ./Drivers/STM32H7xx_HAL_Driver/Src/stm32h7xx_hal_tim.o
 .debug_info    0x00013879     0x17eb ./Drivers/STM32H7xx_HAL_Driver/Src/stm32h7xx_hal_tim_ex.o
 .debug_info    0x00015064     0x4b1d ./Drivers/STM32H7xx_HAL_Driver/Src/stm32h7xx_hal_uart.o
 .debug_info    0x00019b81      0xfbf ./Drivers/STM32H7xx_HAL_Driver/Src/stm32h7xx_hal_uart_ex.o
 .debug_info    0x0001ab40     0x17ac ./Drivers/nrf24/NRF24.o

.debug_abbrev   0x00000000     0x36ca
 .debug_abbrev  0x00000000      0x194 ./Core/Src/gpio.o
 .debug_abbrev  0x00000194      0x2e6 ./Core/Src/main.o
 .debug_abbrev  0x0000047a      0x230 ./Core/Src/spi.o
 .debug_abbrev  0x000006aa       0xdb ./Core/Src/stm32h7xx_hal_msp.o
 .debug_abbrev  0x00000785      0x194 ./Core/Src/stm32h7xx_it.o
 .debug_abbrev  0x00000919      0x165 ./Core/Src/system_stm32h7xx.o
 .debug_abbrev  0x00000a7e      0x1f7 ./Core/Src/tim.o
 .debug_abbrev  0x00000c75      0x248 ./Core/Src/usart.o
 .debug_abbrev  0x00000ebd       0x24 ./Core/Startup/startup_stm32h753zitx.o
 .debug_abbrev  0x00000ee1      0x2d4 ./Drivers/BSP/STM32H7xx_Nucleo/stm32h7xx_nucleo.o
 .debug_abbrev  0x000011b5      0x295 ./Drivers/STM32H7xx_HAL_Driver/Src/stm32h7xx_hal.o
 .debug_abbrev  0x0000144a      0x339 ./Drivers/STM32H7xx_HAL_Driver/Src/stm32h7xx_hal_cortex.o
 .debug_abbrev  0x00001783      0x248 ./Drivers/STM32H7xx_HAL_Driver/Src/stm32h7xx_hal_dma.o
 .debug_abbrev  0x000019cb      0x1df ./Drivers/STM32H7xx_HAL_Driver/Src/stm32h7xx_hal_exti.o
 .debug_abbrev  0x00001baa      0x205 ./Drivers/STM32H7xx_HAL_Driver/Src/stm32h7xx_hal_gpio.o
 .debug_abbrev  0x00001daf      0x2a7 ./Drivers/STM32H7xx_HAL_Driver/Src/stm32h7xx_hal_pwr_ex.o
 .debug_abbrev  0x00002056      0x2c8 ./Drivers/STM32H7xx_HAL_Driver/Src/stm32h7xx_hal_rcc.o
 .debug_abbrev  0x0000231e      0x269 ./Drivers/STM32H7xx_HAL_Driver/Src/stm32h7xx_hal_rcc_ex.o
 .debug_abbrev  0x00002587      0x2b1 ./Drivers/STM32H7xx_HAL_Driver/Src/stm32h7xx_hal_spi.o
 .debug_abbrev  0x00002838      0x276 ./Drivers/STM32H7xx_HAL_Driver/Src/stm32h7xx_hal_tim.o
 .debug_abbrev  0x00002aae      0x281 ./Drivers/STM32H7xx_HAL_Driver/Src/stm32h7xx_hal_tim_ex.o
 .debug_abbrev  0x00002d2f      0x33d ./Drivers/STM32H7xx_HAL_Driver/Src/stm32h7xx_hal_uart.o
 .debug_abbrev  0x0000306c      0x2d2 ./Drivers/STM32H7xx_HAL_Driver/Src/stm32h7xx_hal_uart_ex.o
 .debug_abbrev  0x0000333e      0x38c ./Drivers/nrf24/NRF24.o

.debug_aranges  0x00000000     0x1528
 .debug_aranges
                0x00000000       0x20 ./Core/Src/gpio.o
 .debug_aranges
                0x00000020       0x38 ./Core/Src/main.o
 .debug_aranges
                0x00000058       0x30 ./Core/Src/spi.o
 .debug_aranges
                0x00000088       0x20 ./Core/Src/stm32h7xx_hal_msp.o
 .debug_aranges
                0x000000a8       0x80 ./Core/Src/stm32h7xx_it.o
 .debug_aranges
                0x00000128       0x30 ./Core/Src/system_stm32h7xx.o
 .debug_aranges
                0x00000158       0x30 ./Core/Src/tim.o
 .debug_aranges
                0x00000188       0x30 ./Core/Src/usart.o
 .debug_aranges
                0x000001b8       0x28 ./Core/Startup/startup_stm32h753zitx.o
 .debug_aranges
                0x000001e0       0x80 ./Drivers/BSP/STM32H7xx_Nucleo/stm32h7xx_nucleo.o
 .debug_aranges
                0x00000260      0x198 ./Drivers/STM32H7xx_HAL_Driver/Src/stm32h7xx_hal.o
 .debug_aranges
                0x000003f8      0x130 ./Drivers/STM32H7xx_HAL_Driver/Src/stm32h7xx_hal_cortex.o
 .debug_aranges
                0x00000528       0xa0 ./Drivers/STM32H7xx_HAL_Driver/Src/stm32h7xx_hal_dma.o
 .debug_aranges
                0x000005c8       0x60 ./Drivers/STM32H7xx_HAL_Driver/Src/stm32h7xx_hal_exti.o
 .debug_aranges
                0x00000628       0x58 ./Drivers/STM32H7xx_HAL_Driver/Src/stm32h7xx_hal_gpio.o
 .debug_aranges
                0x00000680      0x158 ./Drivers/STM32H7xx_HAL_Driver/Src/stm32h7xx_hal_pwr_ex.o
 .debug_aranges
                0x000007d8       0x88 ./Drivers/STM32H7xx_HAL_Driver/Src/stm32h7xx_hal_rcc.o
 .debug_aranges
                0x00000860       0xf8 ./Drivers/STM32H7xx_HAL_Driver/Src/stm32h7xx_hal_rcc_ex.o
 .debug_aranges
                0x00000958      0x1a8 ./Drivers/STM32H7xx_HAL_Driver/Src/stm32h7xx_hal_spi.o
 .debug_aranges
                0x00000b00      0x3e0 ./Drivers/STM32H7xx_HAL_Driver/Src/stm32h7xx_hal_tim.o
 .debug_aranges
                0x00000ee0      0x188 ./Drivers/STM32H7xx_HAL_Driver/Src/stm32h7xx_hal_tim_ex.o
 .debug_aranges
                0x00001068      0x248 ./Drivers/STM32H7xx_HAL_Driver/Src/stm32h7xx_hal_uart.o
 .debug_aranges
                0x000012b0       0xa8 ./Drivers/STM32H7xx_HAL_Driver/Src/stm32h7xx_hal_uart_ex.o
 .debug_aranges
                0x00001358      0x1d0 ./Drivers/nrf24/NRF24.o

.debug_rnglists
                0x00000000     0x1067
 .debug_rnglists
                0x00000000       0x14 ./Core/Src/gpio.o
 .debug_rnglists
                0x00000014       0x27 ./Core/Src/main.o
 .debug_rnglists
                0x0000003b       0x21 ./Core/Src/spi.o
 .debug_rnglists
                0x0000005c       0x13 ./Core/Src/stm32h7xx_hal_msp.o
 .debug_rnglists
                0x0000006f       0x5b ./Core/Src/stm32h7xx_it.o
 .debug_rnglists
                0x000000ca       0x21 ./Core/Src/system_stm32h7xx.o
 .debug_rnglists
                0x000000eb       0x1f ./Core/Src/tim.o
 .debug_rnglists
                0x0000010a       0x21 ./Core/Src/usart.o
 .debug_rnglists
                0x0000012b       0x19 ./Core/Startup/startup_stm32h753zitx.o
 .debug_rnglists
                0x00000144       0x5d ./Drivers/BSP/STM32H7xx_Nucleo/stm32h7xx_nucleo.o
 .debug_rnglists
                0x000001a1      0x131 ./Drivers/STM32H7xx_HAL_Driver/Src/stm32h7xx_hal.o
 .debug_rnglists
                0x000002d2       0xe0 ./Drivers/STM32H7xx_HAL_Driver/Src/stm32h7xx_hal_cortex.o
 .debug_rnglists
                0x000003b2       0x82 ./Drivers/STM32H7xx_HAL_Driver/Src/stm32h7xx_hal_dma.o
 .debug_rnglists
                0x00000434       0x46 ./Drivers/STM32H7xx_HAL_Driver/Src/stm32h7xx_hal_exti.o
 .debug_rnglists
                0x0000047a       0x3f ./Drivers/STM32H7xx_HAL_Driver/Src/stm32h7xx_hal_gpio.o
 .debug_rnglists
                0x000004b9      0x103 ./Drivers/STM32H7xx_HAL_Driver/Src/stm32h7xx_hal_pwr_ex.o
 .debug_rnglists
                0x000005bc       0x68 ./Drivers/STM32H7xx_HAL_Driver/Src/stm32h7xx_hal_rcc.o
 .debug_rnglists
                0x00000624       0xc0 ./Drivers/STM32H7xx_HAL_Driver/Src/stm32h7xx_hal_rcc_ex.o
 .debug_rnglists
                0x000006e4      0x148 ./Drivers/STM32H7xx_HAL_Driver/Src/stm32h7xx_hal_spi.o
 .debug_rnglists
                0x0000082c      0x328 ./Drivers/STM32H7xx_HAL_Driver/Src/stm32h7xx_hal_tim.o
 .debug_rnglists
                0x00000b54      0x13f ./Drivers/STM32H7xx_HAL_Driver/Src/stm32h7xx_hal_tim_ex.o
 .debug_rnglists
                0x00000c93      0x1fa ./Drivers/STM32H7xx_HAL_Driver/Src/stm32h7xx_hal_uart.o
 .debug_rnglists
                0x00000e8d       0x7f ./Drivers/STM32H7xx_HAL_Driver/Src/stm32h7xx_hal_uart_ex.o
 .debug_rnglists
                0x00000f0c      0x15b ./Drivers/nrf24/NRF24.o

.debug_macro    0x00000000    0x39e5b
 .debug_macro   0x00000000      0x2fc ./Core/Src/gpio.o
 .debug_macro   0x000002fc      0xafc ./Core/Src/gpio.o
 .debug_macro   0x00000df8      0x23e ./Core/Src/gpio.o
 .debug_macro   0x00001036       0x2e ./Core/Src/gpio.o
 .debug_macro   0x00001064       0x3b ./Core/Src/gpio.o
 .debug_macro   0x0000109f       0x22 ./Core/Src/gpio.o
 .debug_macro   0x000010c1       0x8e ./Core/Src/gpio.o
 .debug_macro   0x0000114f       0x51 ./Core/Src/gpio.o
 .debug_macro   0x000011a0      0x103 ./Core/Src/gpio.o
 .debug_macro   0x000012a3       0x6a ./Core/Src/gpio.o
 .debug_macro   0x0000130d      0x1df ./Core/Src/gpio.o
 .debug_macro   0x000014ec       0x1c ./Core/Src/gpio.o
 .debug_macro   0x00001508       0x22 ./Core/Src/gpio.o
 .debug_macro   0x0000152a       0xfb ./Core/Src/gpio.o
 .debug_macro   0x00001625     0x1305 ./Core/Src/gpio.o
 .debug_macro   0x0000292a      0x11f ./Core/Src/gpio.o
 .debug_macro   0x00002a49       0x27 ./Core/Src/gpio.o
 .debug_macro   0x00002a70    0x261cc ./Core/Src/gpio.o
 .debug_macro   0x00028c3c       0x6d ./Core/Src/gpio.o
 .debug_macro   0x00028ca9     0x3d79 ./Core/Src/gpio.o
 .debug_macro   0x0002ca22      0x190 ./Core/Src/gpio.o
 .debug_macro   0x0002cbb2       0x61 ./Core/Src/gpio.o
 .debug_macro   0x0002cc13       0x29 ./Core/Src/gpio.o
 .debug_macro   0x0002cc3c       0x43 ./Core/Src/gpio.o
 .debug_macro   0x0002cc7f       0x34 ./Core/Src/gpio.o
 .debug_macro   0x0002ccb3      0x370 ./Core/Src/gpio.o
 .debug_macro   0x0002d023       0x16 ./Core/Src/gpio.o
 .debug_macro   0x0002d039       0x4a ./Core/Src/gpio.o
 .debug_macro   0x0002d083       0x34 ./Core/Src/gpio.o
 .debug_macro   0x0002d0b7       0x10 ./Core/Src/gpio.o
 .debug_macro   0x0002d0c7       0x58 ./Core/Src/gpio.o
 .debug_macro   0x0002d11f       0x8e ./Core/Src/gpio.o
 .debug_macro   0x0002d1ad       0x1c ./Core/Src/gpio.o
 .debug_macro   0x0002d1c9      0x185 ./Core/Src/gpio.o
 .debug_macro   0x0002d34e      0x19b ./Core/Src/gpio.o
 .debug_macro   0x0002d4e9       0x5d ./Core/Src/gpio.o
 .debug_macro   0x0002d546     0x240e ./Core/Src/gpio.o
 .debug_macro   0x0002f954     0x102c ./Core/Src/gpio.o
 .debug_macro   0x00030980      0x154 ./Core/Src/gpio.o
 .debug_macro   0x00030ad4      0x114 ./Core/Src/gpio.o
 .debug_macro   0x00030be8      0x3b6 ./Core/Src/gpio.o
 .debug_macro   0x00030f9e       0xac ./Core/Src/gpio.o
 .debug_macro   0x0003104a      0x72d ./Core/Src/gpio.o
 .debug_macro   0x00031777      0x228 ./Core/Src/gpio.o
 .debug_macro   0x0003199f       0x66 ./Core/Src/gpio.o
 .debug_macro   0x00031a05      0x3bb ./Core/Src/gpio.o
 .debug_macro   0x00031dc0      0x3e4 ./Core/Src/gpio.o
 .debug_macro   0x000321a4      0x275 ./Core/Src/gpio.o
 .debug_macro   0x00032419      0x3ca ./Core/Src/gpio.o
 .debug_macro   0x000327e3      0x408 ./Core/Src/gpio.o
 .debug_macro   0x00032beb       0x51 ./Core/Src/gpio.o
 .debug_macro   0x00032c3c       0x4a ./Core/Src/gpio.o
 .debug_macro   0x00032c86      0x22c ./Core/Src/gpio.o
 .debug_macro   0x00032eb2       0x67 ./Core/Src/gpio.o
 .debug_macro   0x00032f19       0xa5 ./Core/Src/gpio.o
 .debug_macro   0x00032fbe      0x1c4 ./Core/Src/gpio.o
 .debug_macro   0x00033182      0x25e ./Core/Src/gpio.o
 .debug_macro   0x000333e0       0x35 ./Core/Src/gpio.o
 .debug_macro   0x00033415      0x5e4 ./Core/Src/gpio.o
 .debug_macro   0x000339f9       0xc1 ./Core/Src/gpio.o
 .debug_macro   0x00033aba      0xafa ./Core/Src/gpio.o
 .debug_macro   0x000345b4      0x29f ./Core/Src/gpio.o
 .debug_macro   0x00034853      0x693 ./Core/Src/gpio.o
 .debug_macro   0x00034ee6       0xa6 ./Core/Src/gpio.o
 .debug_macro   0x00034f8c      0x5ac ./Core/Src/gpio.o
 .debug_macro   0x00035538       0x2e ./Core/Src/gpio.o
 .debug_macro   0x00035566       0x52 ./Core/Src/gpio.o
 .debug_macro   0x000355b8       0xc1 ./Core/Src/gpio.o
 .debug_macro   0x00035679       0x2e ./Core/Src/gpio.o
 .debug_macro   0x000356a7      0x3e4 ./Core/Src/main.o
 .debug_macro   0x00035a8b       0x16 ./Core/Src/main.o
 .debug_macro   0x00035aa1       0x3c ./Core/Src/main.o
 .debug_macro   0x00035add       0x20 ./Core/Src/main.o
 .debug_macro   0x00035afd       0x1c ./Core/Src/main.o
 .debug_macro   0x00035b19       0x10 ./Core/Src/main.o
 .debug_macro   0x00035b29       0x1c ./Core/Src/main.o
 .debug_macro   0x00035b45       0x16 ./Core/Src/main.o
 .debug_macro   0x00035b5b      0x146 ./Core/Src/main.o
 .debug_macro   0x00035ca1       0x16 ./Core/Src/main.o
 .debug_macro   0x00035cb7       0x16 ./Core/Src/main.o
 .debug_macro   0x00035ccd       0x29 ./Core/Src/main.o
 .debug_macro   0x00035cf6       0x22 ./Core/Src/main.o
 .debug_macro   0x00035d18      0x232 ./Core/Src/main.o
 .debug_macro   0x00035f4a      0x2fc ./Core/Src/spi.o
 .debug_macro   0x00036246      0x2f2 ./Core/Src/stm32h7xx_hal_msp.o
 .debug_macro   0x00036538      0x2fc ./Core/Src/stm32h7xx_it.o
 .debug_macro   0x00036834      0x2c2 ./Core/Src/system_stm32h7xx.o
 .debug_macro   0x00036af6      0x2fc ./Core/Src/tim.o
 .debug_macro   0x00036df2      0x2fc ./Core/Src/usart.o
 .debug_macro   0x000370ee      0x2e9 ./Drivers/BSP/STM32H7xx_Nucleo/stm32h7xx_nucleo.o
 .debug_macro   0x000373d7       0x28 ./Drivers/BSP/STM32H7xx_Nucleo/stm32h7xx_nucleo.o
 .debug_macro   0x000373ff      0x2ec ./Drivers/STM32H7xx_HAL_Driver/Src/stm32h7xx_hal.o
 .debug_macro   0x000376eb      0x2c2 ./Drivers/STM32H7xx_HAL_Driver/Src/stm32h7xx_hal_cortex.o
 .debug_macro   0x000379ad      0x316 ./Drivers/STM32H7xx_HAL_Driver/Src/stm32h7xx_hal_dma.o
 .debug_macro   0x00037cc3      0x2d0 ./Drivers/STM32H7xx_HAL_Driver/Src/stm32h7xx_hal_exti.o
 .debug_macro   0x00037f93      0x2c9 ./Drivers/STM32H7xx_HAL_Driver/Src/stm32h7xx_hal_gpio.o
 .debug_macro   0x0003825c      0x2fb ./Drivers/STM32H7xx_HAL_Driver/Src/stm32h7xx_hal_pwr_ex.o
 .debug_macro   0x00038557      0x2e6 ./Drivers/STM32H7xx_HAL_Driver/Src/stm32h7xx_hal_rcc.o
 .debug_macro   0x0003883d      0x2e0 ./Drivers/STM32H7xx_HAL_Driver/Src/stm32h7xx_hal_rcc_ex.o
 .debug_macro   0x00038b1d      0x2ca ./Drivers/STM32H7xx_HAL_Driver/Src/stm32h7xx_hal_spi.o
 .debug_macro   0x00038de7      0x2c3 ./Drivers/STM32H7xx_HAL_Driver/Src/stm32h7xx_hal_tim.o
 .debug_macro   0x000390aa      0x2c2 ./Drivers/STM32H7xx_HAL_Driver/Src/stm32h7xx_hal_tim_ex.o
 .debug_macro   0x0003936c      0x2ed ./Drivers/STM32H7xx_HAL_Driver/Src/stm32h7xx_hal_uart.o
 .debug_macro   0x00039659      0x2ce ./Drivers/STM32H7xx_HAL_Driver/Src/stm32h7xx_hal_uart_ex.o
 .debug_macro   0x00039927      0x318 ./Drivers/nrf24/NRF24.o
 .debug_macro   0x00039c3f       0x16 ./Drivers/nrf24/NRF24.o
 .debug_macro   0x00039c55       0x9e ./Drivers/nrf24/NRF24.o
 .debug_macro   0x00039cf3      0x112 ./Drivers/nrf24/NRF24.o
 .debug_macro   0x00039e05       0x16 ./Drivers/nrf24/NRF24.o
 .debug_macro   0x00039e1b       0x40 ./Drivers/nrf24/NRF24.o

.debug_line     0x00000000    0x1def2
 .debug_line    0x00000000      0x99a ./Core/Src/gpio.o
 .debug_line    0x0000099a      0xc1a ./Core/Src/main.o
 .debug_line    0x000015b4      0xa29 ./Core/Src/spi.o
 .debug_line    0x00001fdd      0x97c ./Core/Src/stm32h7xx_hal_msp.o
 .debug_line    0x00002959      0xa8c ./Core/Src/stm32h7xx_it.o
 .debug_line    0x000033e5      0xb0f ./Core/Src/system_stm32h7xx.o
 .debug_line    0x00003ef4      0x9dd ./Core/Src/tim.o
 .debug_line    0x000048d1      0xa35 ./Core/Src/usart.o
 .debug_line    0x00005306       0x7b ./Core/Startup/startup_stm32h753zitx.o
 .debug_line    0x00005381      0xbc0 ./Drivers/BSP/STM32H7xx_Nucleo/stm32h7xx_nucleo.o
 .debug_line    0x00005f41      0xee8 ./Drivers/STM32H7xx_HAL_Driver/Src/stm32h7xx_hal.o
 .debug_line    0x00006e29      0xed2 ./Drivers/STM32H7xx_HAL_Driver/Src/stm32h7xx_hal_cortex.o
 .debug_line    0x00007cfb     0x2869 ./Drivers/STM32H7xx_HAL_Driver/Src/stm32h7xx_hal_dma.o
 .debug_line    0x0000a564      0xd9c ./Drivers/STM32H7xx_HAL_Driver/Src/stm32h7xx_hal_exti.o
 .debug_line    0x0000b300      0xd71 ./Drivers/STM32H7xx_HAL_Driver/Src/stm32h7xx_hal_gpio.o
 .debug_line    0x0000c071     0x106c ./Drivers/STM32H7xx_HAL_Driver/Src/stm32h7xx_hal_pwr_ex.o
 .debug_line    0x0000d0dd     0x158f ./Drivers/STM32H7xx_HAL_Driver/Src/stm32h7xx_hal_rcc.o
 .debug_line    0x0000e66c     0x1e9b ./Drivers/STM32H7xx_HAL_Driver/Src/stm32h7xx_hal_rcc_ex.o
 .debug_line    0x00010507     0x227a ./Drivers/STM32H7xx_HAL_Driver/Src/stm32h7xx_hal_spi.o
 .debug_line    0x00012781     0x403c ./Drivers/STM32H7xx_HAL_Driver/Src/stm32h7xx_hal_tim.o
 .debug_line    0x000167bd     0x1dae ./Drivers/STM32H7xx_HAL_Driver/Src/stm32h7xx_hal_tim_ex.o
 .debug_line    0x0001856b     0x396f ./Drivers/STM32H7xx_HAL_Driver/Src/stm32h7xx_hal_uart.o
 .debug_line    0x0001beda      0xe7e ./Drivers/STM32H7xx_HAL_Driver/Src/stm32h7xx_hal_uart_ex.o
 .debug_line    0x0001cd58     0x119a ./Drivers/nrf24/NRF24.o

.debug_str      0x00000000   0x16b491
 .debug_str     0x00000000   0x16b491 ./Core/Src/gpio.o
                             0x1642d7 (size before relaxing)
 .debug_str     0x0016b491        0x0 ./Core/Src/main.o
                             0x1650e8 (size before relaxing)
 .debug_str     0x0016b491        0x0 ./Core/Src/spi.o
                             0x164c94 (size before relaxing)
 .debug_str     0x0016b491        0x0 ./Core/Src/stm32h7xx_hal_msp.o
                             0x1639ae (size before relaxing)
 .debug_str     0x0016b491        0x0 ./Core/Src/stm32h7xx_it.o
                             0x164106 (size before relaxing)
 .debug_str     0x0016b491        0x0 ./Core/Src/system_stm32h7xx.o
                             0x163640 (size before relaxing)
 .debug_str     0x0016b491        0x0 ./Core/Src/tim.o
                             0x1640fe (size before relaxing)
 .debug_str     0x0016b491        0x0 ./Core/Src/usart.o
                             0x164ca3 (size before relaxing)
 .debug_str     0x0016b491        0x0 ./Core/Startup/startup_stm32h753zitx.o
                                 0x82 (size before relaxing)
 .debug_str     0x0016b491        0x0 ./Drivers/BSP/STM32H7xx_Nucleo/stm32h7xx_nucleo.o
                             0x164562 (size before relaxing)
 .debug_str     0x0016b491        0x0 ./Drivers/STM32H7xx_HAL_Driver/Src/stm32h7xx_hal.o
                             0x164526 (size before relaxing)
 .debug_str     0x0016b491        0x0 ./Drivers/STM32H7xx_HAL_Driver/Src/stm32h7xx_hal_cortex.o
                             0x163f61 (size before relaxing)
 .debug_str     0x0016b491        0x0 ./Drivers/STM32H7xx_HAL_Driver/Src/stm32h7xx_hal_dma.o
                             0x163d3b (size before relaxing)
 .debug_str     0x0016b491        0x0 ./Drivers/STM32H7xx_HAL_Driver/Src/stm32h7xx_hal_exti.o
                             0x163412 (size before relaxing)
 .debug_str     0x0016b491        0x0 ./Drivers/STM32H7xx_HAL_Driver/Src/stm32h7xx_hal_gpio.o
                             0x1635b8 (size before relaxing)
 .debug_str     0x0016b491        0x0 ./Drivers/STM32H7xx_HAL_Driver/Src/stm32h7xx_hal_pwr_ex.o
                             0x163a79 (size before relaxing)
 .debug_str     0x0016b491        0x0 ./Drivers/STM32H7xx_HAL_Driver/Src/stm32h7xx_hal_rcc.o
                             0x16399c (size before relaxing)
 .debug_str     0x0016b491        0x0 ./Drivers/STM32H7xx_HAL_Driver/Src/stm32h7xx_hal_rcc_ex.o
                             0x163e7d (size before relaxing)
 .debug_str     0x0016b491        0x0 ./Drivers/STM32H7xx_HAL_Driver/Src/stm32h7xx_hal_spi.o
                             0x163cc0 (size before relaxing)
 .debug_str     0x0016b491        0x0 ./Drivers/STM32H7xx_HAL_Driver/Src/stm32h7xx_hal_tim.o
                             0x16473b (size before relaxing)
 .debug_str     0x0016b491        0x0 ./Drivers/STM32H7xx_HAL_Driver/Src/stm32h7xx_hal_tim_ex.o
                             0x164063 (size before relaxing)
 .debug_str     0x0016b491        0x0 ./Drivers/STM32H7xx_HAL_Driver/Src/stm32h7xx_hal_uart.o
                             0x1644dd (size before relaxing)
 .debug_str     0x0016b491        0x0 ./Drivers/STM32H7xx_HAL_Driver/Src/stm32h7xx_hal_uart_ex.o
                             0x163a9d (size before relaxing)
 .debug_str     0x0016b491        0x0 ./Drivers/nrf24/NRF24.o
                             0x164ade (size before relaxing)

.comment        0x00000000       0x43
 .comment       0x00000000       0x43 ./Core/Src/gpio.o
                                 0x44 (size before relaxing)
 .comment       0x00000043        0x0 ./Core/Src/main.o
                                 0x44 (size before relaxing)
 .comment       0x00000043        0x0 ./Core/Src/spi.o
                                 0x44 (size before relaxing)
 .comment       0x00000043        0x0 ./Core/Src/stm32h7xx_hal_msp.o
                                 0x44 (size before relaxing)
 .comment       0x00000043        0x0 ./Core/Src/stm32h7xx_it.o
                                 0x44 (size before relaxing)
 .comment       0x00000043        0x0 ./Core/Src/system_stm32h7xx.o
                                 0x44 (size before relaxing)
 .comment       0x00000043        0x0 ./Core/Src/tim.o
                                 0x44 (size before relaxing)
 .comment       0x00000043        0x0 ./Core/Src/usart.o
                                 0x44 (size before relaxing)
 .comment       0x00000043        0x0 ./Drivers/BSP/STM32H7xx_Nucleo/stm32h7xx_nucleo.o
                                 0x44 (size before relaxing)
 .comment       0x00000043        0x0 ./Drivers/STM32H7xx_HAL_Driver/Src/stm32h7xx_hal.o
                                 0x44 (size before relaxing)
 .comment       0x00000043        0x0 ./Drivers/STM32H7xx_HAL_Driver/Src/stm32h7xx_hal_cortex.o
                                 0x44 (size before relaxing)
 .comment       0x00000043        0x0 ./Drivers/STM32H7xx_HAL_Driver/Src/stm32h7xx_hal_dma.o
                                 0x44 (size before relaxing)
 .comment       0x00000043        0x0 ./Drivers/STM32H7xx_HAL_Driver/Src/stm32h7xx_hal_exti.o
                                 0x44 (size before relaxing)
 .comment       0x00000043        0x0 ./Drivers/STM32H7xx_HAL_Driver/Src/stm32h7xx_hal_gpio.o
                                 0x44 (size before relaxing)
 .comment       0x00000043        0x0 ./Drivers/STM32H7xx_HAL_Driver/Src/stm32h7xx_hal_pwr_ex.o
                                 0x44 (size before relaxing)
 .comment       0x00000043        0x0 ./Drivers/STM32H7xx_HAL_Driver/Src/stm32h7xx_hal_rcc.o
                                 0x44 (size before relaxing)
 .comment       0x00000043        0x0 ./Drivers/STM32H7xx_HAL_Driver/Src/stm32h7xx_hal_rcc_ex.o
                                 0x44 (size before relaxing)
 .comment       0x00000043        0x0 ./Drivers/STM32H7xx_HAL_Driver/Src/stm32h7xx_hal_spi.o
                                 0x44 (size before relaxing)
 .comment       0x00000043        0x0 ./Drivers/STM32H7xx_HAL_Driver/Src/stm32h7xx_hal_tim.o
                                 0x44 (size before relaxing)
 .comment       0x00000043        0x0 ./Drivers/STM32H7xx_HAL_Driver/Src/stm32h7xx_hal_tim_ex.o
                                 0x44 (size before relaxing)
 .comment       0x00000043        0x0 ./Drivers/STM32H7xx_HAL_Driver/Src/stm32h7xx_hal_uart.o
                                 0x44 (size before relaxing)
 .comment       0x00000043        0x0 ./Drivers/STM32H7xx_HAL_Driver/Src/stm32h7xx_hal_uart_ex.o
                                 0x44 (size before relaxing)
 .comment       0x00000043        0x0 ./Drivers/nrf24/NRF24.o
                                 0x44 (size before relaxing)

.debug_frame    0x00000000     0x5938
 .debug_frame   0x00000000       0x34 ./Core/Src/gpio.o
 .debug_frame   0x00000034       0x94 ./Core/Src/main.o
 .debug_frame   0x000000c8       0x78 ./Core/Src/spi.o
 .debug_frame   0x00000140       0x38 ./Core/Src/stm32h7xx_hal_msp.o
 .debug_frame   0x00000178      0x174 ./Core/Src/stm32h7xx_it.o
 .debug_frame   0x000002ec       0x78 ./Core/Src/system_stm32h7xx.o
 .debug_frame   0x00000364       0x84 ./Core/Src/tim.o
 .debug_frame   0x000003e8       0x78 ./Core/Src/usart.o
 .debug_frame   0x00000460      0x1dc ./Drivers/BSP/STM32H7xx_Nucleo/stm32h7xx_nucleo.o
 .debug_frame   0x0000063c      0x690 ./Drivers/STM32H7xx_HAL_Driver/Src/stm32h7xx_hal.o
 .debug_frame   0x00000ccc      0x508 ./Drivers/STM32H7xx_HAL_Driver/Src/stm32h7xx_hal_cortex.o
 .debug_frame   0x000011d4      0x2b4 ./Drivers/STM32H7xx_HAL_Driver/Src/stm32h7xx_hal_dma.o
 .debug_frame   0x00001488      0x174 ./Drivers/STM32H7xx_HAL_Driver/Src/stm32h7xx_hal_exti.o
 .debug_frame   0x000015fc      0x14c ./Drivers/STM32H7xx_HAL_Driver/Src/stm32h7xx_hal_gpio.o
 .debug_frame   0x00001748      0x580 ./Drivers/STM32H7xx_HAL_Driver/Src/stm32h7xx_hal_pwr_ex.o
 .debug_frame   0x00001cc8      0x1f8 ./Drivers/STM32H7xx_HAL_Driver/Src/stm32h7xx_hal_rcc.o
 .debug_frame   0x00001ec0      0x414 ./Drivers/STM32H7xx_HAL_Driver/Src/stm32h7xx_hal_rcc_ex.o
 .debug_frame   0x000022d4      0x7a8 ./Drivers/STM32H7xx_HAL_Driver/Src/stm32h7xx_hal_spi.o
 .debug_frame   0x00002a7c     0x121c ./Drivers/STM32H7xx_HAL_Driver/Src/stm32h7xx_hal_tim.o
 .debug_frame   0x00003c98      0x6d8 ./Drivers/STM32H7xx_HAL_Driver/Src/stm32h7xx_hal_tim_ex.o
 .debug_frame   0x00004370      0xa94 ./Drivers/STM32H7xx_HAL_Driver/Src/stm32h7xx_hal_uart.o
 .debug_frame   0x00004e04      0x2c0 ./Drivers/STM32H7xx_HAL_Driver/Src/stm32h7xx_hal_uart_ex.o
 .debug_frame   0x000050c4      0x780 ./Drivers/nrf24/NRF24.o
 .debug_frame   0x00005844       0x20 C:/ST/STM32CubeIDE_2.0.0/STM32CubeIDE/plugins/com.st.stm32cube.ide.mcu.externaltools.gnu-tools-for-stm32.13.3.rel1.win32_1.0.100.202509120712/tools/bin/../lib/gcc/arm-none-eabi/13.3.1/../../../../arm-none-eabi/lib/thumb/v7e-m+dp/hard\libc_nano.a(libc_a-memset.o)
 .debug_frame   0x00005864       0x28 C:/ST/STM32CubeIDE_2.0.0/STM32CubeIDE/plugins/com.st.stm32cube.ide.mcu.externaltools.gnu-tools-for-stm32.13.3.rel1.win32_1.0.100.202509120712/tools/bin/../lib/gcc/arm-none-eabi/13.3.1/../../../../arm-none-eabi/lib/thumb/v7e-m+dp/hard\libc_nano.a(libc_a-strncmp.o)
 .debug_frame   0x0000588c       0x2c C:/ST/STM32CubeIDE_2.0.0/STM32CubeIDE/plugins/com.st.stm32cube.ide.mcu.externaltools.gnu-tools-for-stm32.13.3.rel1.win32_1.0.100.202509120712/tools/bin/../lib/gcc/arm-none-eabi/13.3.1/../../../../arm-none-eabi/lib/thumb/v7e-m+dp/hard\libc_nano.a(libc_a-init.o)
 .debug_frame   0x000058b8       0x20 C:/ST/STM32CubeIDE_2.0.0/STM32CubeIDE/plugins/com.st.stm32cube.ide.mcu.externaltools.gnu-tools-for-stm32.13.3.rel1.win32_1.0.100.202509120712/tools/bin/../lib/gcc/arm-none-eabi/13.3.1/../../../../arm-none-eabi/lib/thumb/v7e-m+dp/hard\libc_nano.a(libc_a-strcmp.o)
 .debug_frame   0x000058d8       0x2c C:/ST/STM32CubeIDE_2.0.0/STM32CubeIDE/plugins/com.st.stm32cube.ide.mcu.externaltools.gnu-tools-for-stm32.13.3.rel1.win32_1.0.100.202509120712/tools/bin/../lib/gcc/arm-none-eabi/13.3.1/thumb/v7e-m+dp/hard\libgcc.a(_aeabi_uldivmod.o)
 .debug_frame   0x00005904       0x34 C:/ST/STM32CubeIDE_2.0.0/STM32CubeIDE/plugins/com.st.stm32cube.ide.mcu.externaltools.gnu-tools-for-stm32.13.3.rel1.win32_1.0.100.202509120712/tools/bin/../lib/gcc/arm-none-eabi/13.3.1/thumb/v7e-m+dp/hard\libgcc.a(_udivmoddi4.o)

.debug_line_str
                0x00000000       0x66
 .debug_line_str
                0x00000000       0x66 ./Core/Startup/startup_stm32h753zitx.o
