../Drivers/adrian_controller/rt_logging.c:198:15:rt_GetSizeofDataType	24	static
../Drivers/adrian_controller/rt_logging.c:240:15:rt_GetSizeofComplexType	24	static
../Drivers/adrian_controller/rt_logging.c:300:30:rt_GetDataTypeConvertInfo	80	static
../Drivers/adrian_controller/rt_logging.c:329:15:rt_GetDblValueFromOverSizedData	72	static
../Drivers/adrian_controller/rt_logging.c:391:18:rt_GetNonBoolMxIdFromDTypeId	24	static
../Drivers/adrian_controller/rt_logging.c:475:11:rt_GetMxIdFromDTypeIdForRSim	24	static
../Drivers/adrian_controller/rt_logging.c:518:11:rt_GetMxIdFromDTypeId	24	static
../Drivers/adrian_controller/rt_logging.c:554:14:rt_GetMatIdFromMxId	24	static
../Drivers/adrian_controller/rt_logging.c:623:14:rt_ProcessMatItem	368	static
../Drivers/adrian_controller/rt_logging.c:1110:14:rt_WriteItemToMatFile	48	static
../Drivers/adrian_controller/rt_logging.c:1161:14:rt_WriteMat5FileHeader	56	static
../Drivers/adrian_controller/rt_logging.c:1198:22:rt_FixupLogVar	248	static
../Drivers/adrian_controller/rt_logging.c:1421:13:rt_LoadModifiedLogVarName	32	static
../Drivers/adrian_controller/rt_logging.c:1458:23:rt_GetActualDTypeID	16	static
../Drivers/adrian_controller/rt_logging.c:1480:13:rt_DestroyLogVar	24	static
../Drivers/adrian_controller/rt_logging.c:1510:13:rt_DestroyStructLogVar	24	static
../Drivers/adrian_controller/rt_logging.c:1546:22:rt_InitSignalsStruct	496	static
../Drivers/adrian_controller/rt_logging.c:2099:22:local_CreateStructLogVar	168	static
../Drivers/adrian_controller/rt_logging.c:2244:22:rt_StartDataLoggingForOutput	256	static
../Drivers/adrian_controller/rt_logging.c:2400:13:rt_ReallocLogVar	88	static
../Drivers/adrian_controller/rt_logging.c:2542:15:rt_UpdateLogVarWithDiscontiguousData	88	static
../Drivers/adrian_controller/rt_logging.c:2661:9:rt_CreateLogVarWithConvert	200	static
../Drivers/adrian_controller/rt_logging.c:3038:9:rt_CreateLogVar	120	static
../Drivers/adrian_controller/rt_logging.c:3106:15:rt_CreateStructLogVar	72	static
../Drivers/adrian_controller/rt_logging.c:3158:15:rt_StartDataLoggingWithStartTime	168	static
../Drivers/adrian_controller/rt_logging.c:3309:15:rt_StartDataLogging	32	static
../Drivers/adrian_controller/rt_logging.c:3338:6:rt_UpdateLogVar	280	static
../Drivers/adrian_controller/rt_logging.c:3825:6:rt_UpdateStructLogVar	48	static
../Drivers/adrian_controller/rt_logging.c:3870:7:rt_getTempMemory	32	static
../Drivers/adrian_controller/rt_logging.c:3892:6:rt_preProcessAndLogDataWithIndex	40	static
../Drivers/adrian_controller/rt_logging.c:3922:6:rt_preProcessAndLogData	16	static
../Drivers/adrian_controller/rt_logging.c:3931:15:rt_UpdateTXYLogVars	16	static
../Drivers/adrian_controller/rt_logging.c:3940:15:rt_UpdateTXXFYLogVars	264	static
../Drivers/adrian_controller/rt_logging.c:4128:6:rt_StopDataLoggingImpl	80	static
../Drivers/adrian_controller/rt_logging.c:4268:6:rt_StopDataLogging	16	static
