../Core/Src/main.c:125:5:main	1
../Core/Src/main.c:223:6:SystemClock_Config	4
../Core/Src/main.c:282:6:PeriphCommonClock_Config	2
../Core/Src/main.c:305:5:_read	1
../Core/Src/main.c:311:5:__io_getchar	1
../Core/Src/main.c:318:6:HAL_GPIO_EXTI_Callback	3
../Core/Src/main.c:330:6:HAL_UART_RxCpltCallback	4
../Core/Src/main.c:346:6:HAL_UART_ErrorCallback	2
../Core/Src/main.c:364:5:INIT_PID	24
../Core/Src/main.c:465:5:CHANGE_PID	20
../Core/Src/main.c:584:5:START_LOG	9
../Core/Src/main.c:636:6:STOP_LOG	1
../Core/Src/main.c:644:5:FIND_LOG_LINES	4
../Core/Src/main.c:667:6:DELETE_LOG	2
../Core/Src/main.c:677:6:TRANSMIT_LOG_USB	4
../Core/Src/main.c:709:5:LOG_DATA_POINT	3
../Core/Src/main.c:725:5:TRANSMIT_LOG	11
../Core/Src/main.c:824:6:PRINT_PID	1
../Core/Src/main.c:853:6:HAL_TIM_PeriodElapsedCallback	4
../Core/Src/main.c:877:6:Error_Handler	1
