../Core/Src/main.c:125:5:main	8	static
../Core/Src/main.c:223:6:SystemClock_Config	120	static
../Core/Src/main.c:282:6:PeriphCommonClock_Config	200	static
../Core/Src/main.c:305:5:_read	24	static
../Core/Src/main.c:311:5:__io_getchar	16	static
../Core/Src/main.c:318:6:HAL_GPIO_EXTI_Callback	16	static
../Core/Src/main.c:330:6:HAL_UART_RxCpltCallback	16	static
../Core/Src/main.c:346:6:HAL_UART_ErrorCallback	16	static
../Core/Src/main.c:364:5:INIT_PID	24	static
../Core/Src/main.c:465:5:CHANGE_PID	80	static
../Core/Src/main.c:584:5:START_LOG	112	static
../Core/Src/main.c:636:6:STOP_LOG	8	static
../Core/Src/main.c:644:5:FIND_LOG_LINES	16	static
../Core/Src/main.c:667:6:DELETE_LOG	48	static
../Core/Src/main.c:677:6:TRANSMIT_LOG_USB	112	static
../Core/Src/main.c:709:5:LOG_DATA_POINT	32	static
../Core/Src/main.c:725:5:TRANSMIT_LOG	136	static
../Core/Src/main.c:824:6:PRINT_PID	48	static
../Core/Src/main.c:853:6:HAL_TIM_PeriodElapsedCallback	16	static
../Core/Src/main.c:877:6:Error_Handler	4	static,ignoring_inline_asm
