../Core/Src/main.c:104:5:main	8	static
../Core/Src/main.c:207:6:SystemClock_Config	120	static
../Core/Src/main.c:266:6:PeriphCommonClock_Config	200	static
../Core/Src/main.c:289:5:_read	24	static
../Core/Src/main.c:295:5:__io_getchar	16	static
../Core/Src/main.c:302:6:HAL_GPIO_EXTI_Callback	16	static
../Core/Src/main.c:312:5:INIT_PID	24	static
../Core/Src/main.c:413:5:CHANGE_PID	80	static
../Core/Src/main.c:529:5:START_LOG	8	static
../Core/Src/main.c:545:6:STOP_LOG	8	static
../Core/Src/main.c:554:5:FIND_LOG_LINES	16	static
../Core/Src/main.c:586:5:LOG_DATA_POINT	96	static
../Core/Src/main.c:600:5:TRANSMIT_LOG	136	static
../Core/Src/main.c:705:6:HAL_TIM_PeriodElapsedCallback	16	static
../Core/Src/main.c:723:6:Error_Handler	4	static,ignoring_inline_asm
