../Core/Src/main.c:112:5:main	8	static
../Core/Src/main.c:216:6:SystemClock_Config	120	static
../Core/Src/main.c:275:6:PeriphCommonClock_Config	200	static
../Core/Src/main.c:298:5:_read	24	static
../Core/Src/main.c:304:5:__io_getchar	16	static
../Core/Src/main.c:311:6:HAL_GPIO_EXTI_Callback	16	static
../Core/Src/main.c:331:5:INIT_PID	24	static
../Core/Src/main.c:432:5:CHANGE_PID	80	static
../Core/Src/main.c:548:5:START_LOG	8	static
../Core/Src/main.c:564:6:STOP_LOG	8	static
../Core/Src/main.c:573:5:FIND_LOG_LINES	16	static
../Core/Src/main.c:605:5:LOG_DATA_POINT	32	static
../Core/Src/main.c:618:5:TRANSMIT_LOG	136	static
../Core/Src/main.c:719:6:TIM6_SetPeriod_us	104	static
../Core/Src/main.c:759:6:HAL_TIM_PeriodElapsedCallback	16	static
../Core/Src/main.c:777:6:Error_Handler	4	static,ignoring_inline_asm
