../Core/Src/main.c:119:5:main	2
../Core/Src/main.c:223:6:SystemClock_Config	4
../Core/Src/main.c:282:6:PeriphCommonClock_Config	2
../Core/Src/main.c:305:5:_read	1
../Core/Src/main.c:311:5:__io_getchar	1
../Core/Src/main.c:318:6:HAL_GPIO_EXTI_Callback	3
../Core/Src/main.c:332:5:INIT_PID	24
../Core/Src/main.c:433:5:CHANGE_PID	20
../Core/Src/main.c:552:5:START_LOG	9
../Core/Src/main.c:603:6:STOP_LOG	1
../Core/Src/main.c:612:5:FIND_LOG_LINES	5
../Core/Src/main.c:641:6:TRANSMIT_LOG_USB	3
../Core/Src/main.c:668:5:LOG_DATA_POINT	3
../Core/Src/main.c:683:5:TRANSMIT_LOG	11
../Core/Src/main.c:786:6:TIM6_SetPeriod_us	4
../Core/Src/main.c:817:6:PRINT_PID	1
../Core/Src/main.c:846:6:HAL_TIM_PeriodElapsedCallback	4
../Core/Src/main.c:870:6:Error_Handler	1
