../Core/Src/main.c:91:5:main	2
../Core/Src/main.c:182:6:SystemClock_Config	4
../Core/Src/main.c:241:6:PeriphCommonClock_Config	2
../Core/Src/main.c:264:5:_read	1
../Core/Src/main.c:270:5:__io_getchar	1
../Core/Src/main.c:279:5:INIT_PID	24
../Core/Src/main.c:380:5:CHANGE_PID	19
../Core/Src/main.c:494:5:START_LOG	3
../Core/Src/main.c:510:6:STOP_LOG	1
../Core/Src/main.c:519:5:FIND_LOG_LINES	5
../Core/Src/main.c:551:5:LOG_DATA_POINT	2
../Core/Src/main.c:574:6:HAL_TIM_PeriodElapsedCallback	2
../Core/Src/main.c:592:6:Error_Handler	1
