../Core/Src/main.c:133:5:main	11
../Core/Src/main.c:276:6:SystemClock_Config	4
../Core/Src/main.c:332:6:HAL_GPIO_EXTI_Callback	2
../Core/Src/main.c:340:6:INIT_PID	8
../Core/Src/main.c:390:6:CHANGE_PID	8
../Core/Src/main.c:447:6:PRINT_PID	2
../Core/Src/main.c:463:6:TRANSMIT_LOG	14
../Core/Src/main.c:564:6:DEBUG_RF	2
../Core/Src/main.c:588:6:CLEAR_LOG_FILE	3
../Core/Src/main.c:610:6:LOG_DATA_POINT	4
../Core/Src/main.c:641:5:FIND_LOG_LINES	5
../Core/Src/main.c:673:6:nrf24_scan_channels	5
../Core/Src/main.c:712:6:Error_Handler	1
