../Core/Src/main.c:133:5:main	11
../Core/Src/main.c:276:6:SystemClock_Config	4
../Core/Src/main.c:332:6:HAL_GPIO_EXTI_Callback	2
../Core/Src/main.c:340:6:INIT_PID	8
../Core/Src/main.c:389:6:CHANGE_PID	8
../Core/Src/main.c:446:6:PRINT_PID	2
../Core/Src/main.c:462:6:TRANSMIT_LOG	12
../Core/Src/main.c:562:6:DEBUG_RF	2
../Core/Src/main.c:586:6:CLEAR_LOG_FILE	3
../Core/Src/main.c:608:6:LOG_DATA_POINT	4
../Core/Src/main.c:639:5:FIND_LOG_LINES	5
../Core/Src/main.c:671:6:nrf24_scan_channels	5
../Core/Src/main.c:710:6:Error_Handler	1
