../Drivers/nrf24/NRF24.c:17:6:csn_high	8	static
../Drivers/nrf24/NRF24.c:21:6:csn_low	8	static
../Drivers/nrf24/NRF24.c:25:6:ce_high	8	static
../Drivers/nrf24/NRF24.c:29:6:ce_low	8	static
../Drivers/nrf24/NRF24.c:33:6:nrf24_w_reg	24	static
../Drivers/nrf24/NRF24.c:46:9:nrf24_r_reg	24	static
../Drivers/nrf24/NRF24.c:60:6:nrf24_w_spec_cmd	16	static
../Drivers/nrf24/NRF24.c:64:6:nrf24_w_spec_reg	16	static
../Drivers/nrf24/NRF24.c:68:6:nrf24_r_spec_reg	16	static
../Drivers/nrf24/NRF24.c:72:6:nrf24_pwr_up	16	static
../Drivers/nrf24/NRF24.c:82:6:nrf24_pwr_dwn	16	static
../Drivers/nrf24/NRF24.c:92:6:nrf24_tx_pwr	24	static
../Drivers/nrf24/NRF24.c:104:6:nrf24_data_rate	24	static
../Drivers/nrf24/NRF24.c:120:6:nrf24_set_channel	16	static
../Drivers/nrf24/NRF24.c:124:6:nrf24_open_tx_pipe	16	static
../Drivers/nrf24/NRF24.c:128:6:nrf24_pipe_pld_size	16	static
../Drivers/nrf24/NRF24.c:161:6:nrf24_open_rx_pipe	24	static
../Drivers/nrf24/NRF24.c:203:6:nrf24_cls_rx_pipe	24	static
../Drivers/nrf24/NRF24.c:211:6:nrf24_set_crc	24	static
../Drivers/nrf24/NRF24.c:221:6:nrf24_set_addr_width	16	static
../Drivers/nrf24/NRF24.c:226:6:nrf24_flush_tx	8	static
../Drivers/nrf24/NRF24.c:232:6:nrf24_flush_rx	8	static
../Drivers/nrf24/NRF24.c:238:9:nrf24_r_status	24	static
../Drivers/nrf24/NRF24.c:249:6:nrf24_clear_rx_dr	16	static
../Drivers/nrf24/NRF24.c:259:6:nrf24_clear_tx_ds	16	static
../Drivers/nrf24/NRF24.c:271:6:nrf24_clear_max_rt	16	static
../Drivers/nrf24/NRF24.c:281:9:nrf24_read_bit	16	static
../Drivers/nrf24/NRF24.c:290:6:nrf24_set_bit	24	static
../Drivers/nrf24/NRF24.c:304:9:nrf24_r_pld_wid	16	static
../Drivers/nrf24/NRF24.c:315:6:nrf24_listen	16	static
../Drivers/nrf24/NRF24.c:327:6:nrf24_stop_listen	16	static
../Drivers/nrf24/NRF24.c:337:6:nrf24_dpl	24	static
../Drivers/nrf24/NRF24.c:349:6:nrf24_set_rx_dpl	24	static
../Drivers/nrf24/NRF24.c:366:6:nrf24_auto_ack	24	static
../Drivers/nrf24/NRF24.c:383:6:nrf24_auto_ack_all	24	static
../Drivers/nrf24/NRF24.c:395:6:nrf24_en_ack_pld	24	static
../Drivers/nrf24/NRF24.c:407:6:nrf24_en_dyn_ack	24	static
../Drivers/nrf24/NRF24.c:419:6:nrf24_auto_retr_delay	24	static
../Drivers/nrf24/NRF24.c:429:6:nrf24_auto_retr_limit	24	static
../Drivers/nrf24/NRF24.c:439:6:nrf24_type_to_uint8_t	32	static
../Drivers/nrf24/NRF24.c:445:8:nrf24_uint8_t_to_type	24	static
../Drivers/nrf24/NRF24.c:456:9:nrf24_transmit	24	static
../Drivers/nrf24/NRF24.c:480:6:nrf24_transmit_no_ack	24	static
../Drivers/nrf24/NRF24.c:496:6:nrf24_transmit_rx_ack_pld	24	static
../Drivers/nrf24/NRF24.c:511:9:nrf24_carrier_detect	8	static
../Drivers/nrf24/NRF24.c:515:9:nrf24_data_available	16	static
../Drivers/nrf24/NRF24.c:526:6:nrf24_receive	24	static
../Drivers/nrf24/NRF24.c:537:6:delay_us	24	static
../Drivers/nrf24/NRF24.c:545:6:nrf24_start_const_carrier	4	static
../Drivers/nrf24/NRF24.c:549:6:nrf24_stop_const_carrier	4	static
../Drivers/nrf24/NRF24.c:553:6:nrf24_defaults	16	static
../Drivers/nrf24/NRF24.c:585:6:nrf24_init	8	static
../Drivers/nrf24/NRF24.c:616:6:nrf24_mode_tx	16	static
../Drivers/nrf24/NRF24.c:642:6:nrf24_mode_rx	16	static
../Drivers/nrf24/NRF24.c:659:9:nrf24_transmit_wait	24	static
