../Drivers/nrf24/NRF24.c:16:6:csn_high	8	static
../Drivers/nrf24/NRF24.c:20:6:csn_low	8	static
../Drivers/nrf24/NRF24.c:24:6:ce_high	8	static
../Drivers/nrf24/NRF24.c:28:6:ce_low	8	static
../Drivers/nrf24/NRF24.c:32:6:nrf24_w_reg	24	static
../Drivers/nrf24/NRF24.c:45:9:nrf24_r_reg	24	static
../Drivers/nrf24/NRF24.c:59:6:nrf24_w_spec_cmd	16	static
../Drivers/nrf24/NRF24.c:63:6:nrf24_w_spec_reg	16	static
../Drivers/nrf24/NRF24.c:67:6:nrf24_r_spec_reg	16	static
../Drivers/nrf24/NRF24.c:71:6:nrf24_pwr_up	16	static
../Drivers/nrf24/NRF24.c:81:6:nrf24_pwr_dwn	16	static
../Drivers/nrf24/NRF24.c:91:6:nrf24_tx_pwr	24	static
../Drivers/nrf24/NRF24.c:103:6:nrf24_data_rate	24	static
../Drivers/nrf24/NRF24.c:119:6:nrf24_set_channel	16	static
../Drivers/nrf24/NRF24.c:123:6:nrf24_open_tx_pipe	16	static
../Drivers/nrf24/NRF24.c:127:6:nrf24_pipe_pld_size	16	static
../Drivers/nrf24/NRF24.c:160:6:nrf24_open_rx_pipe	24	static
../Drivers/nrf24/NRF24.c:202:6:nrf24_cls_rx_pipe	24	static
../Drivers/nrf24/NRF24.c:210:6:nrf24_set_crc	24	static
../Drivers/nrf24/NRF24.c:220:6:nrf24_set_addr_width	16	static
../Drivers/nrf24/NRF24.c:225:6:nrf24_flush_tx	8	static
../Drivers/nrf24/NRF24.c:231:6:nrf24_flush_rx	8	static
../Drivers/nrf24/NRF24.c:237:9:nrf24_r_status	24	static
../Drivers/nrf24/NRF24.c:248:6:nrf24_clear_rx_dr	16	static
../Drivers/nrf24/NRF24.c:258:6:nrf24_clear_tx_ds	16	static
../Drivers/nrf24/NRF24.c:270:6:nrf24_clear_max_rt	16	static
../Drivers/nrf24/NRF24.c:280:9:nrf24_read_bit	16	static
../Drivers/nrf24/NRF24.c:289:6:nrf24_set_bit	24	static
../Drivers/nrf24/NRF24.c:303:9:nrf24_r_pld_wid	16	static
../Drivers/nrf24/NRF24.c:314:6:nrf24_listen	16	static
../Drivers/nrf24/NRF24.c:326:6:nrf24_stop_listen	16	static
../Drivers/nrf24/NRF24.c:336:6:nrf24_dpl	24	static
../Drivers/nrf24/NRF24.c:348:6:nrf24_set_rx_dpl	24	static
../Drivers/nrf24/NRF24.c:365:6:nrf24_auto_ack	24	static
../Drivers/nrf24/NRF24.c:382:6:nrf24_auto_ack_all	24	static
../Drivers/nrf24/NRF24.c:394:6:nrf24_en_ack_pld	24	static
../Drivers/nrf24/NRF24.c:406:6:nrf24_en_dyn_ack	24	static
../Drivers/nrf24/NRF24.c:418:6:nrf24_auto_retr_delay	24	static
../Drivers/nrf24/NRF24.c:428:6:nrf24_auto_retr_limit	24	static
../Drivers/nrf24/NRF24.c:438:6:nrf24_type_to_uint8_t	32	static
../Drivers/nrf24/NRF24.c:444:8:nrf24_uint8_t_to_type	24	static
../Drivers/nrf24/NRF24.c:455:9:nrf24_transmit	24	static
../Drivers/nrf24/NRF24.c:479:6:nrf24_transmit_no_ack	24	static
../Drivers/nrf24/NRF24.c:495:6:nrf24_transmit_rx_ack_pld	24	static
../Drivers/nrf24/NRF24.c:510:9:nrf24_carrier_detect	8	static
../Drivers/nrf24/NRF24.c:514:9:nrf24_data_available	16	static
../Drivers/nrf24/NRF24.c:525:6:nrf24_receive	24	static
../Drivers/nrf24/NRF24.c:536:6:delay_us	24	static
../Drivers/nrf24/NRF24.c:544:6:nrf24_start_const_carrier	4	static
../Drivers/nrf24/NRF24.c:548:6:nrf24_stop_const_carrier	4	static
../Drivers/nrf24/NRF24.c:552:6:nrf24_defaults	16	static
../Drivers/nrf24/NRF24.c:584:6:nrf24_init	8	static
../Drivers/nrf24/NRF24.c:600:6:nrf24_mode_tx	8	static
../Drivers/nrf24/NRF24.c:615:6:nrf24_mode_rx	8	static
../Drivers/nrf24/NRF24.c:622:9:nrf24_transmit_wait	24	static
